  violation type: Short
    srcs: net:_1242_ net:_1355_ 
    bbox = ( 8.42, 10.22 ) - ( 8.49, 10.36 ) on Layer metal2
  violation type: Short
    srcs: net:_1242_ net:_1355_ 
    bbox = ( 8.42, 10.255 ) - ( 8.49, 10.325 ) on Layer metal2
  violation type: Metal Spacing
    srcs: net:_1242_ net:_1920_ 
    bbox = ( 8.8, 11.725 ) - ( 8.87, 11.76 ) on Layer metal2
  violation type: Short
    srcs: net:_1549_ net:_2021_ 
    bbox = ( 5.38, 29.855 ) - ( 5.45, 29.925 ) on Layer metal2
  violation type: Short
    srcs: net:_2318_ net:_2337_ 
    bbox = ( 5.38, 34.615 ) - ( 5.45, 34.685 ) on Layer metal2
  violation type: Short
    srcs: net:_2024_ net:_2318_ 
    bbox = ( 5.57, 36.155 ) - ( 5.64, 36.225 ) on Layer metal2
  violation type: Short
    srcs: net:_0009_ net:_0016_ 
    bbox = ( 10.51, 35.735 ) - ( 10.58, 35.84 ) on Layer metal2
  violation type: Short
    srcs: net:_0009_ net:_0016_ 
    bbox = ( 10.51, 35.735 ) - ( 10.58, 35.805 ) on Layer metal2
  violation type: Short
    srcs: net:_0009_ net:_0017_ 
    bbox = ( 10.13, 34.475 ) - ( 10.2, 34.545 ) on Layer metal2
  violation type: Metal Spacing
    srcs: net:_0118_ net:_2029_ 
    bbox = ( 11.84, 38.64 ) - ( 11.91, 38.675 ) on Layer metal2
  violation type: Short
    srcs: net:_1254_ net:_1409_ 
    bbox = ( 39.39, 10.815 ) - ( 39.46, 10.885 ) on Layer metal2
  violation type: Short
    srcs: net:net22 net:operand_fp32_i[14] 
    bbox = ( 34.26, 3.115 ) - ( 34.33, 3.185 ) on Layer metal2
  violation type: Short
    srcs: net:_1734_ net:_1736_ 
    bbox = ( 30.27, 11.775 ) - ( 30.34, 11.845 ) on Layer metal2
  violation type: Short
    srcs: net:_1734_ net:_1736_ 
    bbox = ( 30.3, 11.775 ) - ( 30.34, 11.865 ) on Layer metal2
  violation type: Short
    srcs: net:_1734_ net:_1736_ 
    bbox = ( 30.3, 11.795 ) - ( 30.34, 11.865 ) on Layer metal2
  violation type: Short
    srcs: net:_1734_ net:_1736_ 
    bbox = ( 30.27, 11.795 ) - ( 30.34, 11.845 ) on Layer metal2
  violation type: Short
    srcs: net:_1252_ net:_1321_ 
    bbox = ( 30.27, 9.275 ) - ( 30.34, 9.345 ) on Layer metal2
  violation type: Short
    srcs: net:_1316_ net:_1317_ 
    bbox = ( 36.35, 9.275 ) - ( 36.42, 9.345 ) on Layer metal2
  violation type: Short
    srcs: net:_1216_ net:_1453_ 
    bbox = ( 32.74, 30.52 ) - ( 32.81, 30.625 ) on Layer metal2
  violation type: Short
    srcs: net:_1216_ net:_1453_ 
    bbox = ( 32.74, 30.555 ) - ( 32.81, 30.625 ) on Layer metal2
  violation type: Short
    srcs: net:_1233_ net:_1457_ 
    bbox = ( 31.98, 30.275 ) - ( 32.05, 30.345 ) on Layer metal3
  violation type: Short
    srcs: net:_0232_ net:VDD 
    bbox = ( 31.8595, 62.93 ) - ( 31.8605, 63.07 ) on Layer metal2
  violation type: Short
    srcs: net:_0305_ net:VDD 
    bbox = ( 32.17, 65.73 ) - ( 32.24, 65.87 ) on Layer metal2
  violation type: Metal Spacing
    srcs: net:_0516_ net:VDD 
    bbox = ( 32.32, 65.73 ) - ( 32.36, 65.87 ) on Layer metal2
  violation type: Short
    srcs: net:_0284_ net:_0648_ 
    bbox = ( 43.57, 66.535 ) - ( 43.64, 66.605 ) on Layer metal2
  violation type: Short
    srcs: net:_0284_ net:_0648_ 
    bbox = ( 43.57, 66.5 ) - ( 43.64, 66.605 ) on Layer metal2
  violation type: Metal Spacing
    srcs: net:_0284_ net:_0523_ 
    bbox = ( 36.73, 66.465 ) - ( 36.8, 66.5 ) on Layer metal2
  violation type: Short
    srcs: net:_0284_ net:_0523_ 
    bbox = ( 36.54, 66.815 ) - ( 36.61, 66.885 ) on Layer metal2
  violation type: Short
    srcs: net:_0647_ net:net85 
    bbox = ( 43, 60.9 ) - ( 43.07, 61.04 ) on Layer metal2
  violation type: Short
    srcs: net:_0647_ net:net85 
    bbox = ( 43, 60.935 ) - ( 43.07, 61.005 ) on Layer metal2
  violation type: Metal Spacing
    srcs: net:_0295_ net:_0889_ 
    bbox = ( 34.64, 70.7 ) - ( 34.655, 70.735 ) on Layer metal2
  violation type: Short
    srcs: net:_0295_ net:net87 
    bbox = ( 37.49, 73.115 ) - ( 37.56, 73.185 ) on Layer metal2
  violation type: Short
    srcs: net:_0367_ net:_0622_ 
    bbox = ( 33.31, 60.9 ) - ( 33.38, 61.04 ) on Layer metal2
  violation type: Metal Spacing
    srcs: net:_0457_ net:_0462_ 
    bbox = ( 34.26, 60.865 ) - ( 34.33, 60.9 ) on Layer metal2
  violation type: Short
    srcs: net:_0232_ net:_0507_ 
    bbox = ( 38.63, 60.935 ) - ( 38.7, 61.005 ) on Layer metal2
  violation type: Metal Spacing
    srcs: net:_0232_ net:_0840_ 
    bbox = ( 40.395, 70.28 ) - ( 40.41, 70.315 ) on Layer metal2
  violation type: Short
    srcs: net:_0232_ net:_0872_ 
    bbox = ( 30.27, 71.855 ) - ( 30.34, 71.925 ) on Layer metal2
  violation type: Short
    srcs: net:_0305_ net:_0443_ 
    bbox = ( 43.76, 60.935 ) - ( 43.83, 61.005 ) on Layer metal2
  violation type: Short
    srcs: net:_0305_ net:_0443_ 
    bbox = ( 43.76, 60.935 ) - ( 43.83, 61.145 ) on Layer metal2
  violation type: Short
    srcs: net:_0305_ net:_0443_ 
    bbox = ( 43.76, 61.075 ) - ( 43.83, 61.145 ) on Layer metal2
  violation type: Short
    srcs: net:_0356_ net:_0543_ 
    bbox = ( 34.83, 64.715 ) - ( 34.9, 64.785 ) on Layer metal2
  violation type: Metal Spacing
    srcs: net:_0565_ net:_0992_ 
    bbox = ( 41.67, 70.525 ) - ( 41.74, 70.56 ) on Layer metal2
  violation type: Short
    srcs: net:_0317_ net:_0565_ 
    bbox = ( 41.86, 70.455 ) - ( 41.93, 70.7 ) on Layer metal2
  violation type: Short
    srcs: net:_0317_ net:_0565_ 
    bbox = ( 41.86, 70.455 ) - ( 41.93, 70.525 ) on Layer metal2
  violation type: Short
    srcs: net:_0893_ net:_0992_ 
    bbox = ( 41.67, 70.595 ) - ( 41.74, 70.7 ) on Layer metal2
  violation type: Short
    srcs: net:_0893_ net:_0992_ 
    bbox = ( 41.67, 70.595 ) - ( 41.74, 70.665 ) on Layer metal2
  violation type: Metal Spacing
    srcs: net:_0440_ net:_0442_ 
    bbox = ( 43.38, 61.04 ) - ( 43.45, 61.075 ) on Layer metal2
  violation type: Short
    srcs: net:_0648_ net:_0649_ 
    bbox = ( 43.76, 66.535 ) - ( 43.83, 66.605 ) on Layer metal2
  violation type: Short
    srcs: net:_0648_ net:_0649_ 
    bbox = ( 43.76, 66.5 ) - ( 43.83, 66.64 ) on Layer metal2
  violation type: Short
    srcs: net:_0295_ net:_0370_ 
    bbox = ( 29.74, 66.535 ) - ( 29.805, 66.605 ) on Layer metal3
  violation type: Short
    srcs: net:net8 net:VSS 
    bbox = ( 60.1, 5.53 ) - ( 60.17, 5.67 ) on Layer metal2
  violation type: Short
    srcs: net:VSS net:_1671_ 
    bbox = ( 59.91, 13.93 ) - ( 59.98, 14.07 ) on Layer metal2
  violation type: Short
    srcs: net:net14 net:_1670_ 
    bbox = ( 64.47, 10.955 ) - ( 64.54, 11.025 ) on Layer metal2
  violation type: Short
    srcs: net:net8 net:_1657_ 
    bbox = ( 60.1, 4.9 ) - ( 60.17, 5.04 ) on Layer metal2
  violation type: Short
    srcs: net:net8 net:_1657_ 
    bbox = ( 60.1, 4.935 ) - ( 60.17, 5.005 ) on Layer metal2
  violation type: Short
    srcs: net:net8 net:_1665_ 
    bbox = ( 63.71, 8.995 ) - ( 63.78, 9.065 ) on Layer metal2
  violation type: Short
    srcs: net:_1586_ net:_1673_ 
    bbox = ( 59.15, 9.975 ) - ( 59.22, 10.045 ) on Layer metal2
  violation type: Short
    srcs: net:_1655_ net:_1660_ 
    bbox = ( 61.24, 8.96 ) - ( 61.31, 9.345 ) on Layer metal2
  violation type: Short
    srcs: net:_1655_ net:_1660_ 
    bbox = ( 61.24, 9.275 ) - ( 61.31, 9.345 ) on Layer metal2
  violation type: Short
    srcs: net:_1666_ net:_1688_ 
    bbox = ( 63.52, 9.52 ) - ( 63.59, 9.66 ) on Layer metal2
  violation type: Short
    srcs: net:_1666_ net:_1688_ 
    bbox = ( 63.52, 9.555 ) - ( 63.59, 9.625 ) on Layer metal2
  violation type: Short
    srcs: net:_0211_ net:_2109_ 
    bbox = ( 65.99, 42.595 ) - ( 66.06, 42.665 ) on Layer metal2
  violation type: Short
    srcs: net:_0423_ net:VSS 
    bbox = ( 60.1, 61.53 ) - ( 60.17, 61.67 ) on Layer metal2
  violation type: Short
    srcs: net:_1244_ net:_1920_ 
    bbox = ( 8.8, 14.665 ) - ( 8.87, 14.7 ) on Layer metal2
  violation type: Short
    srcs: net:_1244_ net:_1876_ 
    bbox = ( 8.8, 14.665 ) - ( 8.87, 14.7 ) on Layer metal2
  violation type: Short
    srcs: net:_1876_ net:_1901_ 
    bbox = ( 8.99, 14.665 ) - ( 9.06, 14.735 ) on Layer metal2
  violation type: Short
    srcs: net:_1876_ net:_1920_ 
    bbox = ( 8.61, 14.665 ) - ( 8.68, 14.735 ) on Layer metal2
  violation type: Short
    srcs: net:_1876_ net:_1920_ 
    bbox = ( 8.8, 14.665 ) - ( 8.87, 14.735 ) on Layer metal2
  violation type: Short
    srcs: net:_1876_ net:_1920_ 
    bbox = ( 8.61, 14.665 ) - ( 8.87, 14.735 ) on Layer metal2
  violation type: Short
    srcs: net:net44 net:_1900_ 
    bbox = ( 4.43, 22.715 ) - ( 4.5, 22.785 ) on Layer metal2
  violation type: Metal Spacing
    srcs: net:net93 net:_1855_ 
    bbox = ( 13.74, 23.1 ) - ( 13.81, 23.135 ) on Layer metal2
  violation type: Short
    srcs: net:_0126_ net:_2015_ 
    bbox = ( 12.22, 47.495 ) - ( 12.29, 47.565 ) on Layer metal2
  violation type: Short
    srcs: net:_0024_ net:_0028_ 
    bbox = ( 8.8, 44.1 ) - ( 8.87, 44.135 ) on Layer metal2
  violation type: Short
    srcs: net:_0024_ net:_2329_ 
    bbox = ( 8.8, 44.1 ) - ( 8.87, 44.135 ) on Layer metal2
  violation type: Short
    srcs: net:_0130_ net:_0133_ 
    bbox = ( 11.27, 44.1 ) - ( 11.34, 44.24 ) on Layer metal2
  violation type: Short
    srcs: net:_0021_ net:_0130_ 
    bbox = ( 11.46, 44.135 ) - ( 11.53, 44.205 ) on Layer metal2
  violation type: Short
    srcs: net:_0130_ net:_0133_ 
    bbox = ( 11.27, 44.135 ) - ( 11.34, 44.205 ) on Layer metal2
  violation type: Short
    srcs: net:_0029_ net:_0068_ 
    bbox = ( 8.23, 44.03 ) - ( 8.3, 44.135 ) on Layer metal2
  violation type: Short
    srcs: net:_0029_ net:_0068_ 
    bbox = ( 8.23, 44.065 ) - ( 8.3, 44.135 ) on Layer metal2
  violation type: Short
    srcs: net:_0028_ net:_2329_ 
    bbox = ( 8.61, 44.065 ) - ( 8.68, 44.135 ) on Layer metal2
  violation type: Short
    srcs: net:_0023_ net:_0028_ 
    bbox = ( 8.99, 44.1 ) - ( 9.06, 44.135 ) on Layer metal2
  violation type: Short
    srcs: net:_0028_ net:_2329_ 
    bbox = ( 8.99, 44.065 ) - ( 9.06, 44.135 ) on Layer metal2
  violation type: Short
    srcs: net:_0028_ net:_2329_ 
    bbox = ( 8.61, 44.065 ) - ( 9.06, 44.135 ) on Layer metal2
  violation type: Short
    srcs: net:_0023_ net:_2329_ 
    bbox = ( 8.99, 44.1 ) - ( 9.06, 44.135 ) on Layer metal2
  violation type: Short
    srcs: net:_0251_ net:_0796_ 
    bbox = ( 13.74, 52.5 ) - ( 13.81, 52.64 ) on Layer metal2
  violation type: Short
    srcs: net:_0251_ net:_0796_ 
    bbox = ( 13.74, 52.535 ) - ( 13.81, 52.605 ) on Layer metal2
  violation type: Short
    srcs: net:_0796_ net:_0798_ 
    bbox = ( 13.55, 52.535 ) - ( 13.62, 52.64 ) on Layer metal2
  violation type: Short
    srcs: net:_0796_ net:_0798_ 
    bbox = ( 13.55, 52.535 ) - ( 13.62, 52.605 ) on Layer metal2
  violation type: Cut Spacing
    srcs: net:_0021_ 
    bbox = ( 11.46, 44.065 ) - ( 11.53, 44.135 ) on Layer via2
  violation type: Short
    srcs: net:_1157_ net:VDD 
    bbox = ( 31.98, 26.53 ) - ( 32.05, 26.67 ) on Layer metal2
  violation type: Short
    srcs: net:_1617_ net:_2358_ 
    bbox = ( 42.62, 14.84 ) - ( 42.69, 14.98 ) on Layer metal2
  violation type: Short
    srcs: net:_1617_ net:_2358_ 
    bbox = ( 42.62, 14.875 ) - ( 42.69, 14.945 ) on Layer metal2
  violation type: Short
    srcs: net:_1143_ net:_1145_ 
    bbox = ( 30.84, 15.575 ) - ( 30.91, 15.645 ) on Layer metal2
  violation type: Short
    srcs: net:_1755_ net:_1756_ 
    bbox = ( 35.97, 14.665 ) - ( 36.04, 14.7 ) on Layer metal2
  violation type: Short
    srcs: net:_1643_ net:_1847_ 
    bbox = ( 38.63, 24.955 ) - ( 38.7, 25.025 ) on Layer metal2
  violation type: Metal Spacing
    srcs: net:_1643_ net:_1847_ 
    bbox = ( 38.06, 25.9 ) - ( 38.13, 25.935 ) on Layer metal2
  violation type: Short
    srcs: net:_1643_ net:_1648_ 
    bbox = ( 41.48, 28.735 ) - ( 41.55, 28.805 ) on Layer metal2
  violation type: Short
    srcs: net:_1175_ net:_1643_ 
    bbox = ( 34.26, 29.365 ) - ( 34.33, 29.435 ) on Layer metal2
  violation type: Short
    srcs: net:_1157_ net:net89 
    bbox = ( 31.79, 22.96 ) - ( 31.86, 23.1 ) on Layer metal2
  violation type: Short
    srcs: net:_1215_ net:net89 
    bbox = ( 31.98, 22.995 ) - ( 32.05, 23.065 ) on Layer metal2
  violation type: Short
    srcs: net:_1157_ net:net89 
    bbox = ( 31.79, 22.995 ) - ( 31.86, 23.065 ) on Layer metal2
  violation type: Short
    srcs: net:_1114_ net:_1216_ 
    bbox = ( 32.55, 27.3 ) - ( 32.62, 27.44 ) on Layer metal2
  violation type: Short
    srcs: net:_1114_ net:_1216_ 
    bbox = ( 32.55, 27.335 ) - ( 32.62, 27.405 ) on Layer metal2
  violation type: Metal Spacing
    srcs: net:_1158_ net:_1173_ 
    bbox = ( 30.65, 28.56 ) - ( 30.72, 28.595 ) on Layer metal2
  violation type: Short
    srcs: net:_1158_ net:_1843_ 
    bbox = ( 30.84, 28.875 ) - ( 30.91, 28.945 ) on Layer metal2
  violation type: Short
    srcs: net:_1785_ net:_1851_ 
    bbox = ( 42.05, 22.155 ) - ( 42.12, 22.225 ) on Layer metal2
  violation type: Short
    srcs: net:_1641_ net:_1992_ 
    bbox = ( 40.34, 28.315 ) - ( 40.41, 28.385 ) on Layer metal2
  violation type: Short
    srcs: net:_1849_ net:_1850_ 
    bbox = ( 43.76, 21.7 ) - ( 43.83, 21.82 ) on Layer metal2
  violation type: Short
    srcs: net:_1849_ net:_1850_ 
    bbox = ( 43.76, 21.75 ) - ( 43.83, 21.82 ) on Layer metal2
  violation type: Short
    srcs: net:_1802_ net:_1850_ 
    bbox = ( 43.57, 21.75 ) - ( 43.64, 21.82 ) on Layer metal2
  violation type: Short
    srcs: net:_0267_ net:VDD 
    bbox = ( 31.8595, 54.53 ) - ( 31.8605, 54.67 ) on Layer metal2
  violation type: Short
    srcs: net:_0096_ net:_0108_ 
    bbox = ( 39.58, 44.135 ) - ( 39.65, 44.205 ) on Layer metal2
  violation type: Short
    srcs: net:_0096_ net:_0108_ 
    bbox = ( 39.58, 44.135 ) - ( 39.65, 44.24 ) on Layer metal2
  violation type: Short
    srcs: net:_0096_ net:_0171_ 
    bbox = ( 40.53, 44.1 ) - ( 40.6, 44.135 ) on Layer metal2
  violation type: Short
    srcs: net:_0095_ net:_2041_ 
    bbox = ( 31.6, 44.1 ) - ( 31.67, 44.24 ) on Layer metal2
  violation type: Short
    srcs: net:_0095_ net:_2041_ 
    bbox = ( 31.6, 44.135 ) - ( 31.67, 44.205 ) on Layer metal2
  violation type: Short
    srcs: net:_0088_ net:_0264_ 
    bbox = ( 33.31, 50.015 ) - ( 33.38, 50.085 ) on Layer metal2
  violation type: Metal Spacing
    srcs: net:_0274_ net:_0689_ 
    bbox = ( 30.65, 51.1 ) - ( 30.72, 51.135 ) on Layer metal2
  violation type: Short
    srcs: net:_0251_ net:_0663_ 
    bbox = ( 32.74, 48.195 ) - ( 32.81, 48.3 ) on Layer metal2
  violation type: Short
    srcs: net:_0251_ net:_0663_ 
    bbox = ( 32.74, 48.195 ) - ( 32.81, 48.265 ) on Layer metal2
  violation type: Short
    srcs: net:_0160_ net:_0749_ 
    bbox = ( 33.88, 48.475 ) - ( 33.95, 48.545 ) on Layer metal2
  violation type: Short
    srcs: net:_0332_ net:_2041_ 
    bbox = ( 30.27, 50.96 ) - ( 30.34, 51.1 ) on Layer metal2
  violation type: Short
    srcs: net:_0332_ net:_2041_ 
    bbox = ( 30.27, 50.995 ) - ( 30.34, 51.065 ) on Layer metal2
  violation type: Short
    srcs: net:_0263_ net:_0461_ 
    bbox = ( 34.07, 58.1 ) - ( 34.14, 58.485 ) on Layer metal2
  violation type: Short
    srcs: net:_0263_ net:_0461_ 
    bbox = ( 34.07, 58.415 ) - ( 34.14, 58.485 ) on Layer metal2
  violation type: Short
    srcs: net:_0083_ net:_0860_ 
    bbox = ( 37.87, 44.1345 ) - ( 37.94, 44.1355 ) on Layer metal2
  violation type: Short
    srcs: net:_0083_ net:_0860_ 
    bbox = ( 37.87, 44.1 ) - ( 37.94, 44.135 ) on Layer metal2
  violation type: Short
    srcs: net:_0232_ net:_0355_ 
    bbox = ( 38.63, 58.765 ) - ( 38.7, 58.835 ) on Layer metal2
  violation type: Metal Spacing
    srcs: net:_0295_ net:_0510_ 
    bbox = ( 41.29, 55.685 ) - ( 41.36, 55.72 ) on Layer metal2
  violation type: Metal Spacing
    srcs: net:_0436_ net:_0437_ 
    bbox = ( 42.62, 55.265 ) - ( 42.69, 55.3 ) on Layer metal2
  violation type: Short
    srcs: net:_0274_ net:_0284_ 
    bbox = ( 43.18, 55.055 ) - ( 43.25, 55.125 ) on Layer metal3
  violation type: Short
    srcs: net:_0295_ net:_0872_ 
    bbox = ( 30.84, 73.465 ) - ( 30.91, 73.5 ) on Layer metal2
  violation type: Short
    srcs: net:_0628_ net:_0871_ 
    bbox = ( 30.46, 73.465 ) - ( 30.53, 73.5 ) on Layer metal2
  violation type: Short
    srcs: net:_0232_ net:_0895_ 
    bbox = ( 36.73, 73.395 ) - ( 36.8, 73.465 ) on Layer metal2
  violation type: Short
    srcs: net:_0232_ net:_0895_ 
    bbox = ( 36.73, 73.36 ) - ( 36.8, 73.5 ) on Layer metal2
  violation type: Short
    srcs: net:_0295_ net:net87 
    bbox = ( 37.49, 73.115 ) - ( 37.56, 73.5 ) on Layer metal2
  violation type: Short
    srcs: net:_0295_ net:net86 
    bbox = ( 31.41, 74.935 ) - ( 31.48, 75.005 ) on Layer metal2
  violation type: Short
    srcs: net:_0295_ net:net86 
    bbox = ( 31.41, 74.9 ) - ( 31.48, 75.04 ) on Layer metal2
  violation type: Short
    srcs: net:_0305_ net:_0895_ 
    bbox = ( 36.35, 73.395 ) - ( 36.42, 73.465 ) on Layer metal2
  violation type: Short
    srcs: net:_0305_ net:_0873_ 
    bbox = ( 32.93, 73.465 ) - ( 33, 73.5 ) on Layer metal2
  violation type: Short
    srcs: net:_0305_ net:_0870_ 
    bbox = ( 33.12, 73.465 ) - ( 33.19, 73.5 ) on Layer metal2
  violation type: Short
    srcs: net:_0628_ net:net86 
    bbox = ( 31.6, 74.9 ) - ( 31.67, 75.005 ) on Layer metal2
  violation type: Short
    srcs: net:_0628_ net:net86 
    bbox = ( 31.6, 74.935 ) - ( 31.67, 75.005 ) on Layer metal2
  violation type: Short
    srcs: net:_0895_ net:net87 
    bbox = ( 36.54, 73.395 ) - ( 36.61, 73.465 ) on Layer metal2
  violation type: Short
    srcs: net:_0891_ net:_0895_ 
    bbox = ( 36.16, 73.395 ) - ( 36.23, 73.465 ) on Layer metal2
  violation type: Short
    srcs: net:_0317_ net:_0940_ 
    bbox = ( 42.62, 78.015 ) - ( 42.69, 78.085 ) on Layer metal2
  violation type: Short
    srcs: net:_0870_ net:VDD 
    bbox = ( 32.225, 73.43 ) - ( 32.33, 73.57 ) on Layer metal4
  violation type: Short
    srcs: net:_1673_ net:_1685_ 
    bbox = ( 59.34, 14.56 ) - ( 59.41, 14.7 ) on Layer metal2
  violation type: Short
    srcs: net:_1673_ net:_1685_ 
    bbox = ( 59.34, 14.595 ) - ( 59.41, 14.665 ) on Layer metal2
  violation type: Short
    srcs: net:_1585_ net:_2239_ 
    bbox = ( 60.67, 14.56 ) - ( 60.74, 14.7 ) on Layer metal2
  violation type: Short
    srcs: net:_1585_ net:_2239_ 
    bbox = ( 60.67, 14.595 ) - ( 60.74, 14.665 ) on Layer metal2
  violation type: Short
    srcs: net:_1694_ net:_1695_ 
    bbox = ( 59.34, 16.555 ) - ( 59.41, 16.625 ) on Layer metal2
  violation type: Short
    srcs: net:_1689_ net:_1693_ 
    bbox = ( 63.33, 14.28 ) - ( 63.4, 14.7 ) on Layer metal2
  violation type: Short
    srcs: net:net95 net:_1671_ 
    bbox = ( 60.1, 14.595 ) - ( 60.17, 14.665 ) on Layer metal2
  violation type: Short
    srcs: net:_1661_ net:_2229_ 
    bbox = ( 61.62, 14.665 ) - ( 61.69, 14.7 ) on Layer metal2
  violation type: Short
    srcs: net:_1692_ net:_2229_ 
    bbox = ( 63.14, 14.6645 ) - ( 63.155, 14.6655 ) on Layer metal2
  violation type: Short
    srcs: net:_1692_ net:_2229_ 
    bbox = ( 62.95, 14.665 ) - ( 63.02, 14.7 ) on Layer metal2
  violation type: Short
    srcs: net:_1692_ net:_2229_ 
    bbox = ( 63.085, 14.6645 ) - ( 63.155, 14.6655 ) on Layer metal2
  violation type: Short
    srcs: net:_1692_ net:_2229_ 
    bbox = ( 62.95, 14.6645 ) - ( 63.155, 14.6655 ) on Layer metal2
  violation type: Metal Spacing
    srcs: net:_1692_ 
    bbox = ( 63.02, 14.56 ) - ( 63.085, 14.665 ) on Layer metal2
  violation type: Short
    srcs: net:_1488_ net:_2195_ 
    bbox = ( 72.26, 20.615 ) - ( 72.33, 20.685 ) on Layer metal2
  violation type: Metal Spacing
    srcs: net:_0209_ net:_0227_ 
    bbox = ( 59.595, 43.975 ) - ( 59.735, 44.035 ) on Layer metal1
  violation type: Metal Spacing
    srcs: net:_0209_ net:_0227_ 
    bbox = ( 59.595, 43.975 ) - ( 59.7, 44.035 ) on Layer metal1
  violation type: Metal Spacing
    srcs: net:_0209_ net:_0227_ 
    bbox = ( 59.63, 43.975 ) - ( 59.7, 44.035 ) on Layer metal1
  violation type: Short
    srcs: net:_0209_ net:_0227_ 
    bbox = ( 60.48, 44.1 ) - ( 60.55, 44.135 ) on Layer metal2
  violation type: Short
    srcs: net:_0209_ net:_0227_ 
    bbox = ( 60.48, 44.1 ) - ( 60.55, 44.105 ) on Layer metal2
  violation type: Short
    srcs: net:_0209_ net:_0271_ 
    bbox = ( 60.67, 44.065 ) - ( 60.74, 44.135 ) on Layer metal2
  violation type: Short
    srcs: net:_0209_ net:_0271_ 
    bbox = ( 60.67, 44.065 ) - ( 60.74, 44.24 ) on Layer metal2
  violation type: Short
    srcs: net:_0209_ net:_0271_ 
    bbox = ( 60.67, 44.065 ) - ( 60.74, 44.105 ) on Layer metal2
  violation type: Metal Spacing
    srcs: net:_0245_ net:_1091_ 
    bbox = ( 64.28, 49.84 ) - ( 64.35, 49.875 ) on Layer metal2
  violation type: Short
    srcs: net:_2076_ net:_2077_ 
    bbox = ( 68.27, 44.1 ) - ( 68.34, 44.135 ) on Layer metal2
  violation type: Short
    srcs: net:_2076_ net:_2096_ 
    bbox = ( 66.75, 44.1 ) - ( 66.82, 44.135 ) on Layer metal2
  violation type: Metal Spacing
    srcs: net:_0976_ net:_2157_ 
    bbox = ( 63.7, 73.375 ) - ( 63.75, 73.425 ) on Layer metal1
  violation type: Metal Spacing
    srcs: net:_1032_ net:_2157_ 
    bbox = ( 63.89, 73.375 ) - ( 63.92, 73.445 ) on Layer metal1
  violation type: Metal Spacing
    srcs: net:_2167_ net:_2168_ 
    bbox = ( 71.17, 73.375 ) - ( 71.225, 73.445 ) on Layer metal1
  violation type: Metal Spacing
    srcs: net:_2168_ net:_2170_ 
    bbox = ( 71, 73.375 ) - ( 71.03, 73.445 ) on Layer metal1
  violation type: Short
    srcs: net:_0966_ net:_2160_ 
    bbox = ( 65.42, 73.36 ) - ( 65.49, 73.5 ) on Layer metal2
  violation type: Short
    srcs: net:_0966_ net:_2160_ 
    bbox = ( 65.42, 73.375 ) - ( 65.49, 73.445 ) on Layer metal2
  violation type: Metal Spacing
    srcs: net:_1017_ 
    bbox = ( 64.47, 73.445 ) - ( 64.54, 73.465 ) on Layer metal2
  violation type: Metal Spacing
    srcs: net:_1017_ 
    bbox = ( 64.28, 73.445 ) - ( 64.54, 73.465 ) on Layer metal2
  violation type: Short
    srcs: net:_0557_ net:_0942_ 
    bbox = ( 67.32, 73.465 ) - ( 67.39, 73.5 ) on Layer metal2
  violation type: Metal Spacing
    srcs: net:_1244_ net:_1617_ 
    bbox = ( 29.49, 11.775 ) - ( 29.51, 11.845 ) on Layer metal1
  violation type: Short
    srcs: net:_1392_ net:_2372_ 
    bbox = ( 24.38, 5.915 ) - ( 24.45, 5.985 ) on Layer metal2
  violation type: Short
    srcs: net:_1326_ net:_1328_ 
    bbox = ( 15.26, 11.795 ) - ( 15.33, 11.865 ) on Layer metal2
  violation type: Metal Spacing
    srcs: net:_1244_ net:_1617_ 
    bbox = ( 29.455, 11.76 ) - ( 29.51, 11.9 ) on Layer metal2
  violation type: Metal Spacing
    srcs: net:_1244_ net:_1617_ 
    bbox = ( 29.455, 11.795 ) - ( 29.51, 11.9 ) on Layer metal2
  violation type: Metal Spacing
    srcs: net:_1392_ net:_1404_ 
    bbox = ( 24, 5.88 ) - ( 24.07, 5.915 ) on Layer metal2
  violation type: Short
    srcs: net:_1279_ net:_1280_ 
    bbox = ( 24, 10.675 ) - ( 24.07, 10.745 ) on Layer metal2
  violation type: Short
    srcs: net:_1291_ net:_1292_ 
    bbox = ( 29.365, 11.515 ) - ( 29.435, 11.585 ) on Layer metal3
  violation type: Short
    srcs: net:_1266_ net:_1292_ 
    bbox = ( 29.365, 11.375 ) - ( 29.435, 11.445 ) on Layer metal3
  violation type: Cut Spacing
    srcs: net:_1244_ net:_1617_ 
    bbox = ( 29.455, 11.795 ) - ( 29.51, 11.845 ) on Layer via1
  violation type: Metal Spacing
    srcs: inst:_2782_ net:_1648_ 
    bbox = ( 14.645, 36.925 ) - ( 14.655, 36.925 ) on Layer metal1
  violation type: Metal Spacing
    srcs: net:_1648_ 
    bbox = ( 14.71, 36.925 ) - ( 14.795, 36.955 ) on Layer metal1
  violation type: Short
    srcs: net:net90 net:_1936_ 
    bbox = ( 15.64, 31.36 ) - ( 15.71, 31.5 ) on Layer metal2
  violation type: Short
    srcs: net:net90 net:_1936_ 
    bbox = ( 15.64, 31.395 ) - ( 15.71, 31.465 ) on Layer metal2
  violation type: Short
    srcs: net:_0251_ net:_0373_ 
    bbox = ( 26.47, 62.195 ) - ( 26.54, 62.265 ) on Layer metal2
  violation type: Short
    srcs: net:_0264_ net:_0882_ 
    bbox = ( 20.2, 62.16 ) - ( 20.27, 62.3 ) on Layer metal2
  violation type: Short
    srcs: net:_0264_ net:_0412_ 
    bbox = ( 20.39, 62.195 ) - ( 20.46, 62.3 ) on Layer metal2
  violation type: Short
    srcs: net:_0264_ net:_0882_ 
    bbox = ( 20.2, 62.195 ) - ( 20.27, 62.265 ) on Layer metal2
  violation type: Short
    srcs: net:_0264_ net:_0412_ 
    bbox = ( 20.39, 62.195 ) - ( 20.46, 62.265 ) on Layer metal2
  violation type: Metal Spacing
    srcs: net:_0394_ net:_0410_ 
    bbox = ( 18.68, 64.085 ) - ( 18.75, 64.12 ) on Layer metal2
  violation type: Short
    srcs: net:_0295_ net:_0845_ 
    bbox = ( 29.365, 70.315 ) - ( 29.435, 70.525 ) on Layer metal3
  violation type: Short
    srcs: net:_0295_ net:_0845_ 
    bbox = ( 29.365, 70.315 ) - ( 29.435, 70.385 ) on Layer metal3
  violation type: Metal Spacing
    srcs: net:net27 net:_1447_ 
    bbox = ( 47.94, 5.285 ) - ( 48.01, 5.32 ) on Layer metal2
  violation type: Short
    srcs: net:_1103_ net:_2246_ 
    bbox = ( 51.74, 14.315 ) - ( 51.81, 14.385 ) on Layer metal2
  violation type: Short
    srcs: net:_1103_ net:_2246_ 
    bbox = ( 51.74, 14.28 ) - ( 51.81, 14.42 ) on Layer metal2
  violation type: Short
    srcs: net:net29 net:_1602_ 
    bbox = ( 52.12, 10.815 ) - ( 52.19, 10.885 ) on Layer metal2
  violation type: Short
    srcs: net:net30 net:_1604_ 
    bbox = ( 53.83, 10.675 ) - ( 53.9, 10.745 ) on Layer metal2
  violation type: Short
    srcs: net:net30 net:_1604_ 
    bbox = ( 53.83, 10.57 ) - ( 53.9, 10.745 ) on Layer metal2
  violation type: Short
    srcs: net:_1585_ net:_1586_ 
    bbox = ( 57.44, 10.5 ) - ( 57.51, 10.64 ) on Layer metal2
  violation type: Short
    srcs: net:_1585_ net:_1586_ 
    bbox = ( 57.44, 10.535 ) - ( 57.51, 10.605 ) on Layer metal2
  violation type: Short
    srcs: net:net24 net:_1587_ 
    bbox = ( 44.58, 5.075 ) - ( 44.65, 5.145 ) on Layer metal3
  violation type: Short
    srcs: net:_1549_ net:_2261_ 
    bbox = ( 44.065, 6.055 ) - ( 44.135, 6.125 ) on Layer metal3
  violation type: Short
    srcs: net:_1549_ net:_2261_ 
    bbox = ( 44.065, 5.915 ) - ( 44.135, 5.985 ) on Layer metal3
  violation type: Short
    srcs: net:_1549_ net:_2261_ 
    bbox = ( 44.065, 5.915 ) - ( 44.135, 6.125 ) on Layer metal3
  violation type: Short
    srcs: net:_1702_ net:_1721_ 
    bbox = ( 58.02, 9.275 ) - ( 58.09, 9.345 ) on Layer metal3
  violation type: Short
    srcs: net:_1252_ net:_1261_ 
    bbox = ( 44.065, 10.955 ) - ( 44.135, 11.025 ) on Layer metal3
  violation type: Short
    srcs: net:net14 net:net13 
    bbox = ( 58.765, 6.055 ) - ( 58.835, 6.125 ) on Layer metal3
  violation type: Short
    srcs: net:_0082_ net:_0083_ 
    bbox = ( 44.14, 42.315 ) - ( 44.21, 42.385 ) on Layer metal2
  violation type: Short
    srcs: net:_0082_ net:_0083_ 
    bbox = ( 44.14, 42.28 ) - ( 44.21, 42.42 ) on Layer metal2
  violation type: Short
    srcs: net:_0066_ net:_2275_ 
    bbox = ( 54.02, 32.935 ) - ( 54.09, 33.005 ) on Layer metal2
  violation type: Short
    srcs: net:_0098_ net:_1990_ 
    bbox = ( 44.58, 42.735 ) - ( 44.65, 42.805 ) on Layer metal3
  violation type: Short
    srcs: net:_0098_ net:_0171_ 
    bbox = ( 44.065, 42.875 ) - ( 44.135, 42.945 ) on Layer metal3
  violation type: Metal Spacing
    srcs: net:_0499_ net:_0500_ 
    bbox = ( 58.665, 64.975 ) - ( 58.695, 65.045 ) on Layer metal1
  violation type: Metal Spacing
    srcs: net:_0274_ net:_0824_ 
    bbox = ( 51.225, 59.325 ) - ( 51.24, 59.36 ) on Layer metal2
  violation type: Short
    srcs: net:_0305_ net:_0532_ 
    bbox = ( 52.5, 63.455 ) - ( 52.57, 63.525 ) on Layer metal2
  violation type: Short
    srcs: net:_0305_ net:_0504_ 
    bbox = ( 46.42, 65.555 ) - ( 46.49, 65.625 ) on Layer metal2
  violation type: Short
    srcs: net:_0548_ net:_2114_ 
    bbox = ( 57.63, 60.9 ) - ( 57.7, 61.04 ) on Layer metal2
  violation type: Short
    srcs: net:_0344_ net:_0497_ 
    bbox = ( 57.25, 60.935 ) - ( 57.32, 61.005 ) on Layer metal2
  violation type: Short
    srcs: net:_0654_ net:net82 
    bbox = ( 43.95, 70.56 ) - ( 44.02, 70.7 ) on Layer metal2
  violation type: Metal Spacing
    srcs: net:_0447_ net:_0867_ 
    bbox = ( 57.63, 68.145 ) - ( 57.7, 68.18 ) on Layer metal2
  violation type: Metal Spacing
    srcs: net:_0513_ net:_0512_ 
    bbox = ( 45.85, 65.345 ) - ( 45.92, 65.38 ) on Layer metal2
  violation type: Short
    srcs: net:_0970_ net:net82 
    bbox = ( 44.71, 72.415 ) - ( 44.78, 72.485 ) on Layer metal2
  violation type: Short
    srcs: net:_0527_ net:_0962_ 
    bbox = ( 53.83, 73.115 ) - ( 53.9, 73.185 ) on Layer metal2
  violation type: Short
    srcs: net:_0499_ net:_0500_ 
    bbox = ( 58.77, 64.94 ) - ( 58.8, 65.08 ) on Layer metal2
  violation type: Short
    srcs: net:_0499_ net:_0500_ 
    bbox = ( 58.77, 64.975 ) - ( 58.8, 65.045 ) on Layer metal2
  violation type: Short
    srcs: net:_0484_ net:_0555_ 
    bbox = ( 58.77, 62.44 ) - ( 58.84, 62.58 ) on Layer metal2
  violation type: Short
    srcs: net:_0484_ net:_0555_ 
    bbox = ( 58.77, 62.475 ) - ( 58.84, 62.545 ) on Layer metal2
  violation type: Short
    srcs: net:_0512_ net:net87 
    bbox = ( 44.065, 64.155 ) - ( 44.135, 64.225 ) on Layer metal3
  violation type: Short
    srcs: net:_0447_ net:net81 
    bbox = ( 58.765, 67.935 ) - ( 58.835, 68.005 ) on Layer metal3
  violation type: Short
    srcs: net:_0447_ net:_0567_ 
    bbox = ( 58.765, 68.075 ) - ( 58.835, 68.145 ) on Layer metal3
  violation type: Short
    srcs: net:_0995_ net:net82 
    bbox = ( 44.3, 70.735 ) - ( 44.37, 70.805 ) on Layer metal3
  violation type: Short
    srcs: net:_0995_ net:net82 
    bbox = ( 44.02, 70.595 ) - ( 44.09, 70.665 ) on Layer metal3
  violation type: Short
    srcs: net:_0995_ net:net82 
    bbox = ( 43.915, 70.595 ) - ( 44.09, 70.665 ) on Layer metal3
  violation type: Short
    srcs: net:_0579_ net:_0907_ 
    bbox = ( 58.765, 71.715 ) - ( 58.835, 71.785 ) on Layer metal3
  violation type: Short
    srcs: net:_1433_ net:_2141_ 
    bbox = ( 73.5695, 41.35 ) - ( 73.5705, 41.42 ) on Layer metal1
  violation type: Short
    srcs: net:_1018_ net:_1073_ 
    bbox = ( 77.39, 60.935 ) - ( 77.46, 61.005 ) on Layer metal2
  violation type: Short
    srcs: net:_1018_ net:_1073_ 
    bbox = ( 77.39, 60.9 ) - ( 77.46, 61.04 ) on Layer metal2
  violation type: Short
    srcs: net:_1018_ net:_1068_ 
    bbox = ( 77.96, 64.015 ) - ( 78.03, 64.085 ) on Layer metal2
  violation type: Metal Spacing
    srcs: net:_0229_ net:_1061_ 
    bbox = ( 77.39, 68.145 ) - ( 77.46, 68.18 ) on Layer metal2
  violation type: Short
    srcs: net:_1064_ net:_1066_ 
    bbox = ( 77.01, 64.715 ) - ( 77.08, 64.785 ) on Layer metal2
  violation type: Metal Spacing
    srcs: net:_1186_ 
    bbox = ( 14.57, 21.75 ) - ( 14.625, 21.82 ) on Layer metal1
  violation type: Metal Spacing
    srcs: net:_1460_ net:_1643_ 
    bbox = ( 29.49, 28.575 ) - ( 29.51, 28.645 ) on Layer metal1
  violation type: Short
    srcs: net:_1244_ net:_1827_ 
    bbox = ( 22.48, 14.595 ) - ( 22.55, 14.665 ) on Layer metal2
  violation type: Short
    srcs: net:_1821_ net:_1827_ 
    bbox = ( 17.35, 17.64 ) - ( 17.42, 17.78 ) on Layer metal2
  violation type: Short
    srcs: net:_1821_ net:_1827_ 
    bbox = ( 17.35, 17.675 ) - ( 17.42, 17.745 ) on Layer metal2
  violation type: Metal Spacing
    srcs: net:_1856_ 
    bbox = ( 14.855, 18.97 ) - ( 14.88, 19.145 ) on Layer metal2
  violation type: Metal Spacing
    srcs: net:_1576_ net:_1909_ 
    bbox = ( 20.39, 27.44 ) - ( 20.46, 27.475 ) on Layer metal2
  violation type: Short
    srcs: net:_1909_ net:_1910_ 
    bbox = ( 20.2, 27.475 ) - ( 20.27, 27.545 ) on Layer metal2
  violation type: Metal Spacing
    srcs: net:_1150_ net:_1643_ 
    bbox = ( 29.455, 28.54 ) - ( 29.51, 28.7 ) on Layer metal2
  violation type: Short
    srcs: net:_1180_ net:_1474_ 
    bbox = ( 27.8, 25.795 ) - ( 27.87, 25.865 ) on Layer metal2
  violation type: Short
    srcs: net:_0785_ net:_0787_ 
    bbox = ( 15.26, 50.715 ) - ( 15.33, 50.785 ) on Layer metal2
  violation type: Short
    srcs: net:_0251_ net:_0816_ 
    bbox = ( 19.82, 52.535 ) - ( 19.89, 52.605 ) on Layer metal2
  violation type: Metal Spacing
    srcs: net:_0264_ net:_0663_ 
    bbox = ( 28.75, 53.725 ) - ( 28.82, 53.76 ) on Layer metal2
  violation type: Short
    srcs: net:_0123_ net:_2038_ 
    bbox = ( 26.28, 44.1 ) - ( 26.35, 44.135 ) on Layer metal2
  violation type: Short
    srcs: net:_0139_ net:_0190_ 
    bbox = ( 29.13, 44.1 ) - ( 29.2, 44.135 ) on Layer metal2
  violation type: Metal Spacing
    srcs: net:_2035_ net:_2127_ 
    bbox = ( 28.56, 51.1 ) - ( 28.63, 51.135 ) on Layer metal2
  violation type: Short
    srcs: net:_0140_ net:_2005_ 
    bbox = ( 26.47, 45.08 ) - ( 26.54, 45.22 ) on Layer metal2
  violation type: Short
    srcs: net:_0140_ net:_2005_ 
    bbox = ( 26.47, 45.115 ) - ( 26.54, 45.185 ) on Layer metal2
  violation type: Short
    srcs: net:_0284_ net:_0684_ 
    bbox = ( 29.13, 49.455 ) - ( 29.2, 49.525 ) on Layer metal2
  violation type: Short
    srcs: net:_0284_ net:_0684_ 
    bbox = ( 29.13, 49.455 ) - ( 29.2, 49.56 ) on Layer metal2
  violation type: Short
    srcs: net:_0284_ net:_0318_ 
    bbox = ( 29.32, 53.76 ) - ( 29.39, 54.425 ) on Layer metal2
  violation type: Short
    srcs: net:_0284_ net:_0318_ 
    bbox = ( 29.32, 54.355 ) - ( 29.39, 54.425 ) on Layer metal2
  violation type: Short
    srcs: net:_0680_ net:_0684_ 
    bbox = ( 29.32, 49.455 ) - ( 29.39, 49.525 ) on Layer metal2
  violation type: Short
    srcs: net:_0680_ net:_0684_ 
    bbox = ( 29.32, 49.455 ) - ( 29.39, 49.84 ) on Layer metal2
  violation type: Short
    srcs: net:_0798_ net:_2020_ 
    bbox = ( 14.665, 52.535 ) - ( 14.735, 52.605 ) on Layer metal3
  violation type: Short
    srcs: net:_0798_ net:_2020_ 
    bbox = ( 14.665, 52.675 ) - ( 14.735, 52.745 ) on Layer metal3
  violation type: Short
    srcs: net:_0798_ net:_2020_ 
    bbox = ( 14.665, 52.535 ) - ( 14.735, 52.745 ) on Layer metal3
  violation type: Short
    srcs: net:_0264_ net:_2000_ 
    bbox = ( 29.365, 49.875 ) - ( 29.435, 49.945 ) on Layer metal3
  violation type: Short
    srcs: net:_0264_ net:_2000_ 
    bbox = ( 29.365, 49.735 ) - ( 29.435, 49.945 ) on Layer metal3
  violation type: Short
    srcs: net:_0264_ net:_2000_ 
    bbox = ( 29.365, 49.735 ) - ( 29.435, 49.805 ) on Layer metal3
  violation type: Short
    srcs: net:_0264_ net:_0683_ 
    bbox = ( 29.13, 49.875 ) - ( 29.2, 49.945 ) on Layer metal3
  violation type: Short
    srcs: net:_0599_ net:_0876_ 
    bbox = ( 27.61, 74.655 ) - ( 27.68, 74.725 ) on Layer metal2
  violation type: Short
    srcs: net:_1849_ net:_1889_ 
    bbox = ( 44.0195, 21.75 ) - ( 44.0205, 21.82 ) on Layer metal1
  violation type: Metal Spacing
    srcs: net:_1573_ net:_1951_ 
    bbox = ( 58.65, 21.75 ) - ( 58.685, 21.82 ) on Layer metal1
  violation type: Short
    srcs: net:_1105_ net:_1257_ 
    bbox = ( 49.08, 14.665 ) - ( 49.15, 14.7 ) on Layer metal2
  violation type: Short
    srcs: net:_1259_ net:_1633_ 
    bbox = ( 47.56, 15.995 ) - ( 47.63, 16.065 ) on Layer metal2
  violation type: Short
    srcs: net:_1259_ net:_1633_ 
    bbox = ( 47.56, 15.995 ) - ( 47.63, 16.205 ) on Layer metal2
  violation type: Short
    srcs: net:_1259_ net:_1633_ 
    bbox = ( 47.56, 16.135 ) - ( 47.63, 16.205 ) on Layer metal2
  violation type: Short
    srcs: net:_1255_ net:_1446_ 
    bbox = ( 49.84, 14.56 ) - ( 49.91, 14.735 ) on Layer metal2
  violation type: Short
    srcs: net:_1255_ net:_1256_ 
    bbox = ( 49.84, 14.595 ) - ( 49.91, 14.665 ) on Layer metal2
  violation type: Short
    srcs: net:_1255_ net:_1446_ 
    bbox = ( 49.84, 14.665 ) - ( 49.91, 14.735 ) on Layer metal2
  violation type: Short
    srcs: net:net31 net:_1255_ 
    bbox = ( 49.65, 14.665 ) - ( 49.72, 14.735 ) on Layer metal2
  violation type: Short
    srcs: net:_1255_ net:_1256_ 
    bbox = ( 49.65, 14.665 ) - ( 49.72, 14.7 ) on Layer metal2
  violation type: Short
    srcs: net:_1255_ net:_1256_ 
    bbox = ( 49.65, 14.6645 ) - ( 49.91, 14.6655 ) on Layer metal2
  violation type: Short
    srcs: net:_1256_ net:_1549_ 
    bbox = ( 50.03, 14.56 ) - ( 50.1, 14.7 ) on Layer metal2
  violation type: Short
    srcs: net:_1256_ net:_1549_ 
    bbox = ( 50.03, 14.595 ) - ( 50.1, 14.665 ) on Layer metal2
  violation type: Short
    srcs: net:_1549_ net:_1650_ 
    bbox = ( 57.82, 27.195 ) - ( 57.89, 27.265 ) on Layer metal2
  violation type: Short
    srcs: net:net31 net:_1256_ 
    bbox = ( 49.65, 14.56 ) - ( 49.72, 14.7 ) on Layer metal2
  violation type: Short
    srcs: net:net31 net:_1256_ 
    bbox = ( 49.65, 14.595 ) - ( 49.72, 14.665 ) on Layer metal2
  violation type: Short
    srcs: net:_1256_ net:_1446_ 
    bbox = ( 49.84, 14.595 ) - ( 49.91, 14.665 ) on Layer metal2
  violation type: Short
    srcs: net:_1103_ net:_2246_ 
    bbox = ( 51.74, 14.665 ) - ( 51.81, 14.7 ) on Layer metal2
  violation type: Short
    srcs: net:_1103_ net:_1542_ 
    bbox = ( 51.36, 14.665 ) - ( 51.43, 14.735 ) on Layer metal2
  violation type: Short
    srcs: net:_1698_ net:_1722_ 
    bbox = ( 58.39, 14.665 ) - ( 58.46, 14.7 ) on Layer metal2
  violation type: Metal Spacing
    srcs: net:_1583_ net:_1685_ 
    bbox = ( 58.96, 14.525 ) - ( 59.03, 14.56 ) on Layer metal2
  violation type: Short
    srcs: net:_1583_ net:_1663_ 
    bbox = ( 58.96, 14.56 ) - ( 59.03, 14.665 ) on Layer metal2
  violation type: Short
    srcs: net:_1583_ net:_1663_ 
    bbox = ( 58.96, 14.595 ) - ( 59.03, 14.665 ) on Layer metal2
  violation type: Short
    srcs: net:_1663_ net:_1685_ 
    bbox = ( 58.96, 14.455 ) - ( 59.03, 14.525 ) on Layer metal2
  violation type: Short
    srcs: net:_1849_ net:_1889_ 
    bbox = ( 43.95, 21.75 ) - ( 44.02, 21.82 ) on Layer metal2
  violation type: Metal Spacing
    srcs: net:_1849_ net:_1889_ 
    bbox = ( 44.02, 21.715 ) - ( 44.055, 21.855 ) on Layer metal2
  violation type: Metal Spacing
    srcs: net:_1609_ net:_2236_ 
    bbox = ( 54.21, 22.925 ) - ( 54.28, 22.96 ) on Layer metal2
  violation type: Short
    srcs: net:_1583_ net:_2239_ 
    bbox = ( 58.765, 14.455 ) - ( 58.835, 14.525 ) on Layer metal3
  violation type: Cut Spacing
    srcs: net:_1573_ net:_1951_ 
    bbox = ( 58.65, 21.75 ) - ( 58.72, 21.805 ) on Layer via1
  violation type: Short
    srcs: net:_0663_ net:_0716_ 
    bbox = ( 44.0195, 48.175 ) - ( 44.0205, 48.245 ) on Layer metal1
  violation type: Metal Spacing
    srcs: net:_0209_ net:_0260_ 
    bbox = ( 58.735, 44.375 ) - ( 58.875, 44.415 ) on Layer metal1
  violation type: Short
    srcs: net:_0079_ net:_0172_ 
    bbox = ( 50.98, 44.1345 ) - ( 51.05, 44.1355 ) on Layer metal2
  violation type: Short
    srcs: net:_0079_ net:_0188_ 
    bbox = ( 50.98, 44.1345 ) - ( 51.05, 44.1355 ) on Layer metal2
  violation type: Short
    srcs: net:_0079_ net:_0188_ 
    bbox = ( 50.98, 44.1 ) - ( 51.05, 44.135 ) on Layer metal2
  violation type: Short
    srcs: net:_0079_ net:_0172_ 
    bbox = ( 50.79, 44.135 ) - ( 50.86, 44.205 ) on Layer metal2
  violation type: Short
    srcs: net:_0079_ net:_0188_ 
    bbox = ( 50.79, 44.135 ) - ( 50.86, 44.205 ) on Layer metal2
  violation type: Short
    srcs: net:_0079_ net:_0172_ 
    bbox = ( 50.79, 44.1 ) - ( 50.86, 44.24 ) on Layer metal2
  violation type: Short
    srcs: net:_0079_ net:_0172_ 
    bbox = ( 50.79, 44.1345 ) - ( 51.05, 44.1355 ) on Layer metal2
  violation type: Short
    srcs: net:_0079_ net:_0188_ 
    bbox = ( 50.79, 44.1345 ) - ( 51.05, 44.1355 ) on Layer metal2
  violation type: Short
    srcs: net:_0079_ net:_0172_ 
    bbox = ( 50.79, 44.1 ) - ( 50.86, 44.135 ) on Layer metal2
  violation type: Short
    srcs: net:_0079_ net:_0729_ 
    bbox = ( 46.04, 50.96 ) - ( 46.11, 51.1 ) on Layer metal2
  violation type: Short
    srcs: net:_0079_ net:_0729_ 
    bbox = ( 46.04, 50.995 ) - ( 46.11, 51.065 ) on Layer metal2
  violation type: Metal Spacing
    srcs: net:_0663_ 
    bbox = ( 44.02, 47.495 ) - ( 44.055, 47.6 ) on Layer metal2
  violation type: Metal Spacing
    srcs: net:_0663_ net:_0716_ 
    bbox = ( 44.02, 48.28 ) - ( 44.055, 48.3 ) on Layer metal2
  violation type: Short
    srcs: net:_0274_ net:_0633_ 
    bbox = ( 46.61, 58.415 ) - ( 46.68, 58.485 ) on Layer metal2
  violation type: Metal Spacing
    srcs: net:_0264_ net:_0662_ 
    bbox = ( 50.98, 49.805 ) - ( 51.05, 49.84 ) on Layer metal2
  violation type: Short
    srcs: net:_0167_ net:_0264_ 
    bbox = ( 51.17, 49.7 ) - ( 51.24, 49.84 ) on Layer metal2
  violation type: Short
    srcs: net:_0167_ net:_0264_ 
    bbox = ( 51.17, 49.735 ) - ( 51.24, 49.805 ) on Layer metal2
  violation type: Short
    srcs: net:_0194_ net:_0198_ 
    bbox = ( 47.18, 44.1 ) - ( 47.25, 44.135 ) on Layer metal2
  violation type: Short
    srcs: net:_0194_ net:_0199_ 
    bbox = ( 47.56, 44.1 ) - ( 47.63, 44.135 ) on Layer metal2
  violation type: Short
    srcs: net:_0172_ net:_0188_ 
    bbox = ( 50.79, 44.135 ) - ( 50.86, 44.205 ) on Layer metal2
  violation type: Metal Spacing
    srcs: net:_0172_ net:_0189_ 
    bbox = ( 51.36, 44.1 ) - ( 51.43, 44.135 ) on Layer metal2
  violation type: Short
    srcs: net:_0172_ net:_0188_ 
    bbox = ( 50.79, 44.135 ) - ( 51.05, 44.205 ) on Layer metal2
  violation type: Short
    srcs: net:_0172_ net:_0188_ 
    bbox = ( 50.98, 44.135 ) - ( 51.05, 44.205 ) on Layer metal2
  violation type: Short
    srcs: net:_0112_ net:_0172_ 
    bbox = ( 51.17, 44.135 ) - ( 51.24, 44.205 ) on Layer metal2
  violation type: Short
    srcs: net:_0076_ net:_0155_ 
    bbox = ( 57.06, 44.1 ) - ( 57.13, 44.135 ) on Layer metal2
  violation type: Short
    srcs: net:_0076_ net:_0155_ 
    bbox = ( 57.44, 44.275 ) - ( 57.51, 44.345 ) on Layer metal2
  violation type: Short
    srcs: net:_0086_ net:_0200_ 
    bbox = ( 50.03, 44.1 ) - ( 50.1, 44.135 ) on Layer metal2
  violation type: Short
    srcs: net:_0086_ net:_0200_ 
    bbox = ( 49.84, 44.1345 ) - ( 49.91, 44.1355 ) on Layer metal2
  violation type: Short
    srcs: net:_0086_ net:_0200_ 
    bbox = ( 49.84, 44.1345 ) - ( 50.1, 44.1355 ) on Layer metal2
  violation type: Short
    srcs: net:_0086_ net:_0207_ 
    bbox = ( 49.65, 44.03 ) - ( 49.72, 44.135 ) on Layer metal2
  violation type: Short
    srcs: net:_0086_ net:_0207_ 
    bbox = ( 49.65, 44.065 ) - ( 49.72, 44.135 ) on Layer metal2
  violation type: Short
    srcs: net:_0153_ net:_1980_ 
    bbox = ( 55.92, 44.065 ) - ( 55.99, 44.135 ) on Layer metal2
  violation type: Short
    srcs: net:_0259_ net:_1980_ 
    bbox = ( 55.92, 44.1 ) - ( 55.99, 44.485 ) on Layer metal2
  violation type: Short
    srcs: net:_0259_ net:_1980_ 
    bbox = ( 55.92, 44.415 ) - ( 55.99, 44.485 ) on Layer metal2
  violation type: Short
    srcs: net:_0086_ net:_0188_ 
    bbox = ( 50.22, 44.065 ) - ( 50.29, 44.135 ) on Layer metal2
  violation type: Short
    srcs: net:_0086_ net:_0188_ 
    bbox = ( 50.22, 44.065 ) - ( 50.29, 44.205 ) on Layer metal2
  violation type: Short
    srcs: net:_0070_ net:_0188_ 
    bbox = ( 50.41, 44.1345 ) - ( 50.67, 44.1355 ) on Layer metal2
  violation type: Short
    srcs: net:_0164_ net:_0188_ 
    bbox = ( 50.6, 44.135 ) - ( 50.67, 44.205 ) on Layer metal2
  violation type: Short
    srcs: net:_0070_ net:_0188_ 
    bbox = ( 50.6, 44.1345 ) - ( 50.67, 44.1355 ) on Layer metal2
  violation type: Short
    srcs: net:_0070_ net:_0188_ 
    bbox = ( 50.41, 44.135 ) - ( 50.48, 44.205 ) on Layer metal2
  violation type: Short
    srcs: net:_0086_ net:_0188_ 
    bbox = ( 50.22, 44.1345 ) - ( 50.29, 44.1355 ) on Layer metal2
  violation type: Short
    srcs: net:_0086_ net:_0188_ 
    bbox = ( 50.22, 44.135 ) - ( 50.29, 44.205 ) on Layer metal2
  violation type: Short
    srcs: net:_0164_ net:_0165_ 
    bbox = ( 50.6, 44.52 ) - ( 50.67, 44.66 ) on Layer metal2
  violation type: Short
    srcs: net:_0164_ net:_0165_ 
    bbox = ( 50.6, 44.555 ) - ( 50.67, 44.625 ) on Layer metal2
  violation type: Short
    srcs: net:_0070_ net:_0164_ 
    bbox = ( 50.6, 44.1 ) - ( 50.67, 44.135 ) on Layer metal2
  violation type: Short
    srcs: net:_0259_ net:_0153_ 
    bbox = ( 55.92, 44.1 ) - ( 55.99, 44.135 ) on Layer metal2
  violation type: Short
    srcs: net:_0258_ net:_0153_ 
    bbox = ( 56.11, 44.1345 ) - ( 56.18, 44.1355 ) on Layer metal2
  violation type: Short
    srcs: net:_0082_ net:_0264_ 
    bbox = ( 44.3, 46.655 ) - ( 44.37, 46.725 ) on Layer metal3
  violation type: Short
    srcs: net:_0712_ net:_0718_ 
    bbox = ( 44.065, 49.595 ) - ( 44.135, 49.665 ) on Layer metal3
  violation type: Metal Spacing
    srcs: net:_0716_ 
    bbox = ( 44.055, 48.755 ) - ( 44.105, 48.825 ) on Layer metal3
  violation type: Short
    srcs: net:_0260_ net:_2076_ 
    bbox = ( 58.765, 44.415 ) - ( 58.835, 44.485 ) on Layer metal3
  violation type: Short
    srcs: net:_0208_ net:_0260_ 
    bbox = ( 58.765, 44.275 ) - ( 58.835, 44.345 ) on Layer metal3
  violation type: Short
    srcs: net:_0231_ net:_0315_ 
    bbox = ( 58.765, 51.415 ) - ( 58.835, 51.485 ) on Layer metal3
  violation type: Short
    srcs: net:_0317_ net:net81 
    bbox = ( 50.98, 73.465 ) - ( 51.05, 73.535 ) on Layer metal2
  violation type: Short
    srcs: net:_0317_ net:net87 
    bbox = ( 51.17, 73.465 ) - ( 51.24, 73.5 ) on Layer metal2
  violation type: Short
    srcs: net:net87 net:net82 
    bbox = ( 44.52, 76.195 ) - ( 44.59, 76.265 ) on Layer metal2
  violation type: Short
    srcs: net:_0317_ net:_0899_ 
    bbox = ( 51.55, 73.465 ) - ( 51.62, 73.5 ) on Layer metal2
  violation type: Short
    srcs: net:_0317_ net:_0899_ 
    bbox = ( 51.55, 73.4645 ) - ( 51.62, 73.4655 ) on Layer metal2
  violation type: Short
    srcs: net:_0317_ net:_0344_ 
    bbox = ( 51.36, 73.465 ) - ( 51.43, 73.5 ) on Layer metal2
  violation type: Short
    srcs: net:_0447_ net:_0565_ 
    bbox = ( 54.21, 73.465 ) - ( 54.28, 73.5 ) on Layer metal2
  violation type: Short
    srcs: net:_0565_ net:_0962_ 
    bbox = ( 54.02, 73.465 ) - ( 54.09, 73.5 ) on Layer metal2
  violation type: Metal Spacing
    srcs: net:_1025_ net:_2154_ 
    bbox = ( 58.445, 77.42 ) - ( 58.46, 77.455 ) on Layer metal2
  violation type: Short
    srcs: net:_0229_ net:_1025_ 
    bbox = ( 58.2, 77.315 ) - ( 58.27, 77.385 ) on Layer metal2
  violation type: Metal Spacing
    srcs: net:_1568_ net:_2197_ 
    bbox = ( 73.695, 16.41 ) - ( 73.745, 16.435 ) on Layer metal1
  violation type: Short
    srcs: net:_1518_ net:_1549_ 
    bbox = ( 74.73, 29.575 ) - ( 74.8, 29.645 ) on Layer metal2
  violation type: Short
    srcs: net:net6 net:_2197_ 
    bbox = ( 76.06, 22.155 ) - ( 76.13, 22.225 ) on Layer metal2
  violation type: Short
    srcs: net:net6 net:_2197_ 
    bbox = ( 76.06, 22.12 ) - ( 76.13, 22.26 ) on Layer metal2
  violation type: Short
    srcs: net:_1547_ net:_1548_ 
    bbox = ( 73.97, 26.635 ) - ( 74.04, 26.705 ) on Layer metal2
  violation type: Short
    srcs: net:_1534_ net:_1968_ 
    bbox = ( 76.25, 24.92 ) - ( 76.32, 25.025 ) on Layer metal2
  violation type: Short
    srcs: net:_1534_ net:_1968_ 
    bbox = ( 76.25, 24.955 ) - ( 76.32, 25.025 ) on Layer metal2
  violation type: Short
    srcs: net:_1017_ net:_1018_ 
    bbox = ( 77.2, 58.7645 ) - ( 77.27, 58.7655 ) on Layer metal2
  violation type: Short
    srcs: net:_1053_ net:_2174_ 
    bbox = ( 73.21, 74.795 ) - ( 73.28, 75.04 ) on Layer metal2
  violation type: Short
    srcs: net:_1053_ net:_2174_ 
    bbox = ( 73.21, 74.795 ) - ( 73.28, 74.865 ) on Layer metal2
  violation type: Short
    srcs: net:_1056_ net:result_o[12] 
    bbox = ( 77.58, 73.465 ) - ( 77.65, 73.5 ) on Layer metal2
  violation type: Recheck
    srcs: net:_0076_ 
    bbox = ( 57.06, 44.065 ) - ( 57.51, 44.135 ) on Layer metal2
  violation type: Recheck
    srcs: net:_0076_ 
    bbox = ( 57.06, 41.755 ) - ( 57.13, 44.135 ) on Layer metal2
  violation type: Recheck
    srcs: net:_0076_ 
    bbox = ( 52.5, 45.255 ) - ( 57.51, 45.325 ) on Layer metal3
  violation type: Recheck
    srcs: net:_0076_ 
    bbox = ( 57.44, 44.065 ) - ( 57.51, 45.325 ) on Layer metal2
  violation type: Recheck
    srcs: net:_0076_ 
    bbox = ( 52.5, 45.22 ) - ( 52.57, 45.36 ) on Layer metal2
  violation type: Recheck
    srcs: net:_0076_ 
    bbox = ( 57.44, 45.22 ) - ( 57.51, 45.36 ) on Layer metal2
  violation type: Recheck
    srcs: net:_0079_ 
    bbox = ( 50.79, 44.065 ) - ( 51.05, 44.135 ) on Layer metal2
  violation type: Recheck
    srcs: net:_0079_ 
    bbox = ( 50.79, 42.875 ) - ( 51.05, 42.945 ) on Layer metal2
  violation type: Recheck
    srcs: net:_0079_ 
    bbox = ( 50.79, 40.635 ) - ( 50.86, 42.945 ) on Layer metal2
  violation type: Recheck
    srcs: net:_0079_ 
    bbox = ( 48.32, 40.635 ) - ( 50.86, 40.705 ) on Layer metal3
  violation type: Recheck
    srcs: net:_0079_ 
    bbox = ( 50.98, 42.875 ) - ( 51.05, 44.135 ) on Layer metal2
  violation type: Recheck
    srcs: net:_0079_ 
    bbox = ( 50.79, 44.065 ) - ( 50.86, 44.485 ) on Layer metal2
  violation type: Recheck
    srcs: net:_0079_ 
    bbox = ( 50.79, 44.415 ) - ( 51.05, 44.485 ) on Layer metal2
  violation type: Recheck
    srcs: net:_0079_ 
    bbox = ( 50.98, 44.415 ) - ( 51.05, 48.685 ) on Layer metal2
  violation type: Recheck
    srcs: net:_0079_ 
    bbox = ( 50.79, 48.615 ) - ( 51.05, 48.685 ) on Layer metal2
  violation type: Recheck
    srcs: net:_0079_ 
    bbox = ( 50.41, 48.615 ) - ( 50.86, 48.685 ) on Layer metal3
  violation type: Recheck
    srcs: net:_0079_ 
    bbox = ( 50.41, 48.615 ) - ( 50.48, 49.945 ) on Layer metal2
  violation type: Recheck
    srcs: net:_0079_ 
    bbox = ( 50.79, 40.6 ) - ( 50.86, 40.74 ) on Layer metal2
  violation type: Recheck
    srcs: net:_0079_ 
    bbox = ( 50.79, 48.58 ) - ( 50.86, 48.72 ) on Layer metal2
  violation type: Recheck
    srcs: net:_0079_ 
    bbox = ( 50.41, 48.58 ) - ( 50.48, 48.72 ) on Layer metal2
  violation type: Recheck
    srcs: net:_0080_ 
    bbox = ( 43.57, 44.065 ) - ( 44.02, 44.135 ) on Layer metal2
  violation type: Recheck
    srcs: net:_0109_ 
    bbox = ( 37.3, 44.275 ) - ( 42.12, 44.345 ) on Layer metal3
  violation type: Recheck
    srcs: net:_0109_ 
    bbox = ( 42.05, 44.135 ) - ( 42.12, 44.345 ) on Layer metal2
  violation type: Recheck
    srcs: net:_0109_ 
    bbox = ( 37.3, 44.24 ) - ( 37.37, 44.38 ) on Layer metal2
  violation type: Recheck
    srcs: net:_0109_ 
    bbox = ( 42.05, 44.24 ) - ( 42.12, 44.38 ) on Layer metal2
  violation type: Recheck
    srcs: net:_0109_ 
    bbox = ( 37.3, 43.435 ) - ( 37.37, 44.345 ) on Layer metal2
  violation type: Recheck
    srcs: net:_0112_ 
    bbox = ( 51.17, 44.975 ) - ( 51.43, 45.045 ) on Layer metal2
  violation type: Recheck
    srcs: net:_0112_ 
    bbox = ( 51.36, 44.975 ) - ( 51.43, 45.185 ) on Layer metal3
  violation type: Recheck
    srcs: net:_0112_ 
    bbox = ( 51.36, 45.115 ) - ( 53.33, 45.185 ) on Layer metal3
  violation type: Recheck
    srcs: net:_0112_ 
    bbox = ( 53.26, 44.135 ) - ( 53.33, 45.185 ) on Layer metal2
  violation type: Recheck
    srcs: net:_0112_ 
    bbox = ( 51.36, 44.94 ) - ( 51.43, 45.08 ) on Layer metal2
  violation type: Recheck
    srcs: net:_0112_ 
    bbox = ( 53.26, 45.08 ) - ( 53.33, 45.22 ) on Layer metal2
  violation type: Recheck
    srcs: net:_0112_ 
    bbox = ( 51.17, 42.315 ) - ( 51.24, 45.045 ) on Layer metal2
  violation type: Recheck
    srcs: net:_0116_ 
    bbox = ( 14.12, 50.995 ) - ( 14.735, 51.065 ) on Layer metal3
  violation type: Recheck
    srcs: net:_0116_ 
    bbox = ( 14.665, 50.995 ) - ( 14.735, 51.205 ) on Layer metal3
  violation type: Recheck
    srcs: net:_0116_ 
    bbox = ( 14.665, 51.135 ) - ( 16.09, 51.205 ) on Layer metal3
  violation type: Recheck
    srcs: net:_0116_ 
    bbox = ( 16.02, 50.995 ) - ( 16.09, 51.205 ) on Layer metal3
  violation type: Recheck
    srcs: net:_0116_ 
    bbox = ( 14.12, 50.96 ) - ( 14.19, 51.1 ) on Layer metal2
  violation type: Recheck
    srcs: net:_0116_ 
    bbox = ( 15.985, 50.995 ) - ( 16.125, 51.065 ) on Layer metal3
  violation type: Recheck
    srcs: net:_0127_ 
    bbox = ( 12.79, 53.795 ) - ( 15.9, 53.865 ) on Layer metal3
  violation type: Recheck
    srcs: net:_0127_ 
    bbox = ( 12.79, 53.76 ) - ( 12.86, 53.9 ) on Layer metal2
  violation type: Recheck
    srcs: net:_0127_ 
    bbox = ( 15.83, 53.76 ) - ( 15.9, 53.9 ) on Layer metal2
  violation type: Recheck
    srcs: net:_0136_ 
    bbox = ( 25.52, 42.875 ) - ( 25.97, 42.945 ) on Layer metal2
  violation type: Recheck
    srcs: net:_0136_ 
    bbox = ( 25.9, 42.315 ) - ( 25.97, 42.945 ) on Layer metal2
  violation type: Recheck
    srcs: net:_0136_ 
    bbox = ( 24.95, 44.135 ) - ( 25.59, 44.205 ) on Layer metal3
  violation type: Recheck
    srcs: net:_0136_ 
    bbox = ( 24.95, 44.065 ) - ( 25.02, 44.205 ) on Layer metal2
  violation type: Recheck
    srcs: net:_0136_ 
    bbox = ( 25.52, 42.875 ) - ( 25.59, 44.205 ) on Layer metal2
  violation type: Recheck
    srcs: net:_0136_ 
    bbox = ( 25.52, 44.1 ) - ( 25.59, 44.24 ) on Layer metal2
  violation type: Recheck
    srcs: net:_0136_ 
    bbox = ( 24.95, 44.1 ) - ( 25.02, 44.24 ) on Layer metal2
  violation type: Recheck
    srcs: net:_0199_ 
    bbox = ( 47.56, 43.575 ) - ( 47.63, 44.135 ) on Layer metal2
  violation type: Recheck
    srcs: net:_0199_ 
    bbox = ( 47.37, 44.065 ) - ( 47.63, 44.135 ) on Layer metal2
  violation type: Recheck
    srcs: net:_0199_ 
    bbox = ( 47.37, 44.065 ) - ( 47.44, 44.205 ) on Layer metal2
  violation type: Recheck
    srcs: net:_0199_ 
    bbox = ( 47.37, 44.135 ) - ( 47.45, 44.205 ) on Layer metal3
  violation type: Recheck
    srcs: net:_0199_ 
    bbox = ( 47.38, 44.135 ) - ( 47.45, 44.345 ) on Layer metal3
  violation type: Recheck
    srcs: net:_0199_ 
    bbox = ( 47.38, 44.275 ) - ( 48.39, 44.345 ) on Layer metal3
  violation type: Recheck
    srcs: net:_0199_ 
    bbox = ( 47.37, 44.1 ) - ( 47.44, 44.24 ) on Layer metal2
  violation type: Recheck
    srcs: net:_0232_ 
    bbox = ( 29.365, 66.115 ) - ( 29.435, 66.465 ) on Layer metal3
  violation type: Recheck
    srcs: net:_0232_ 
    bbox = ( 31.42, 65.975 ) - ( 31.49, 66.185 ) on Layer metal3
  violation type: Recheck
    srcs: net:_0232_ 
    bbox = ( 31.42, 65.975 ) - ( 32.81, 66.045 ) on Layer metal3
  violation type: Recheck
    srcs: net:_0232_ 
    bbox = ( 32.74, 62.615 ) - ( 32.81, 66.045 ) on Layer metal2
  violation type: Recheck
    srcs: net:_0232_ 
    bbox = ( 31.6, 67.795 ) - ( 31.86, 67.865 ) on Layer metal2
  violation type: Recheck
    srcs: net:_0232_ 
    bbox = ( 31.79, 66.255 ) - ( 31.86, 67.865 ) on Layer metal2
  violation type: Recheck
    srcs: net:_0232_ 
    bbox = ( 31.6, 66.255 ) - ( 31.86, 66.325 ) on Layer metal2
  violation type: Recheck
    srcs: net:_0232_ 
    bbox = ( 31.42, 66.255 ) - ( 31.67, 66.325 ) on Layer metal3
  violation type: Recheck
    srcs: net:_0232_ 
    bbox = ( 31.42, 66.115 ) - ( 31.49, 66.325 ) on Layer metal3
  violation type: Recheck
    srcs: net:_0232_ 
    bbox = ( 29.365, 66.115 ) - ( 31.49, 66.185 ) on Layer metal3
  violation type: Recheck
    srcs: net:_0232_ 
    bbox = ( 28.75, 66.395 ) - ( 29.435, 66.465 ) on Layer metal3
  violation type: Recheck
    srcs: net:_0232_ 
    bbox = ( 45.98, 62.195 ) - ( 46.11, 62.265 ) on Layer metal3
  violation type: Recheck
    srcs: net:_0232_ 
    bbox = ( 45.09, 57.995 ) - ( 46.05, 58.065 ) on Layer metal3
  violation type: Recheck
    srcs: net:_0232_ 
    bbox = ( 45.945, 57.96 ) - ( 46.085, 62.3 ) on Layer metal4
  violation type: Recheck
    srcs: net:_0232_ 
    bbox = ( 32.74, 65.94 ) - ( 32.81, 66.08 ) on Layer metal2
  violation type: Recheck
    srcs: net:_0232_ 
    bbox = ( 32.74, 62.58 ) - ( 32.81, 62.72 ) on Layer metal2
  violation type: Recheck
    srcs: net:_0232_ 
    bbox = ( 31.6, 66.22 ) - ( 31.67, 66.36 ) on Layer metal2
  violation type: Recheck
    srcs: net:_0232_ 
    bbox = ( 28.75, 66.36 ) - ( 28.82, 66.5 ) on Layer metal2
  violation type: Recheck
    srcs: net:_0232_ 
    bbox = ( 45.945, 62.195 ) - ( 46.085, 62.265 ) on Layer metal3
  violation type: Recheck
    srcs: net:_0232_ 
    bbox = ( 45.945, 57.995 ) - ( 46.085, 58.065 ) on Layer metal3
  violation type: Recheck
    srcs: net:_0232_ 
    bbox = ( 45.09, 57.96 ) - ( 45.16, 58.1 ) on Layer metal2
  violation type: Recheck
    srcs: net:_0232_ 
    bbox = ( 31.6, 67.795 ) - ( 31.67, 70.665 ) on Layer metal2
  violation type: Recheck
    srcs: net:_0232_ 
    bbox = ( 28.75, 66.395 ) - ( 28.82, 70.945 ) on Layer metal2
  violation type: Recheck
    srcs: net:_0238_ 
    bbox = ( 68.46, 44.065 ) - ( 69.1, 44.135 ) on Layer metal2
  violation type: Recheck
    srcs: net:_0247_ 
    bbox = ( 60.67, 58.765 ) - ( 60.74, 59.185 ) on Layer metal2
  violation type: Recheck
    srcs: net:_0247_ 
    bbox = ( 60.48, 58.765 ) - ( 60.74, 58.835 ) on Layer metal2
  violation type: Recheck
    srcs: net:_0247_ 
    bbox = ( 60.48, 58.695 ) - ( 60.55, 58.835 ) on Layer metal2
  violation type: Recheck
    srcs: net:_0247_ 
    bbox = ( 60.67, 59.08 ) - ( 60.74, 59.22 ) on Layer metal2
  violation type: Recheck
    srcs: net:_0247_ 
    bbox = ( 58.765, 59.115 ) - ( 58.835, 59.465 ) on Layer metal3
  violation type: Recheck
    srcs: net:_0251_ 
    bbox = ( 44.065, 57.995 ) - ( 44.135, 58.205 ) on Layer metal3
  violation type: Recheck
    srcs: net:_0251_ 
    bbox = ( 14.9, 49.595 ) - ( 14.97, 49.805 ) on Layer metal3
  violation type: Recheck
    srcs: net:_0251_ 
    bbox = ( 14.9, 49.595 ) - ( 16.28, 49.665 ) on Layer metal3
  violation type: Recheck
    srcs: net:_0251_ 
    bbox = ( 16.21, 49.595 ) - ( 16.28, 49.805 ) on Layer metal3
  violation type: Recheck
    srcs: net:_0251_ 
    bbox = ( 16.21, 49.735 ) - ( 16.85, 49.805 ) on Layer metal3
  violation type: Recheck
    srcs: net:_0251_ 
    bbox = ( 28.75, 57.995 ) - ( 28.82, 58.345 ) on Layer metal3
  violation type: Recheck
    srcs: net:_0251_ 
    bbox = ( 27.42, 57.995 ) - ( 28.82, 58.065 ) on Layer metal3
  violation type: Recheck
    srcs: net:_0251_ 
    bbox = ( 27.42, 54.495 ) - ( 27.49, 58.065 ) on Layer metal2
  violation type: Recheck
    srcs: net:_0251_ 
    bbox = ( 27.23, 54.495 ) - ( 27.49, 54.565 ) on Layer metal2
  violation type: Recheck
    srcs: net:_0251_ 
    bbox = ( 27.23, 53.235 ) - ( 27.3, 54.565 ) on Layer metal2
  violation type: Recheck
    srcs: net:_0251_ 
    bbox = ( 27.42, 57.995 ) - ( 27.49, 59.185 ) on Layer metal2
  violation type: Recheck
    srcs: net:_0251_ 
    bbox = ( 28.94, 50.855 ) - ( 29.58, 50.925 ) on Layer metal3
  violation type: Recheck
    srcs: net:_0251_ 
    bbox = ( 43.38, 57.995 ) - ( 44.135, 58.065 ) on Layer metal3
  violation type: Recheck
    srcs: net:_0251_ 
    bbox = ( 44.065, 58.135 ) - ( 44.21, 58.205 ) on Layer metal3
  violation type: Recheck
    srcs: net:_0251_ 
    bbox = ( 29.51, 50.82 ) - ( 29.58, 50.96 ) on Layer metal2
  violation type: Recheck
    srcs: net:_0251_ 
    bbox = ( 27.42, 59.08 ) - ( 27.49, 59.22 ) on Layer metal2
  violation type: Recheck
    srcs: net:_0251_ 
    bbox = ( 28.94, 50.82 ) - ( 29.01, 50.96 ) on Layer metal2
  violation type: Recheck
    srcs: net:_0251_ 
    bbox = ( 27.42, 57.96 ) - ( 27.49, 58.1 ) on Layer metal2
  violation type: Recheck
    srcs: net:_0251_ 
    bbox = ( 27.23, 53.2 ) - ( 27.3, 53.34 ) on Layer metal2
  violation type: Recheck
    srcs: net:_0251_ 
    bbox = ( 44.14, 58.1 ) - ( 44.21, 58.24 ) on Layer metal2
  violation type: Recheck
    srcs: net:_0251_ 
    bbox = ( 36.16, 58.765 ) - ( 36.8, 58.835 ) on Layer metal2
  violation type: Recheck
    srcs: net:_0251_ 
    bbox = ( 29.51, 48.055 ) - ( 29.58, 50.925 ) on Layer metal2
  violation type: Recheck
    srcs: net:_0251_ 
    bbox = ( 13.36, 49.735 ) - ( 14.97, 49.805 ) on Layer metal3
  violation type: Recheck
    srcs: net:_0251_ 
    bbox = ( 28.75, 58.275 ) - ( 31.29, 58.345 ) on Layer metal3
  violation type: Recheck
    srcs: net:_0251_ 
    bbox = ( 44.065, 47.775 ) - ( 44.135, 48.125 ) on Layer metal3
  violation type: Recheck
    srcs: net:_0264_ 
    bbox = ( 31.41, 63.035 ) - ( 31.48, 63.805 ) on Layer metal2
  violation type: Recheck
    srcs: net:_0264_ 
    bbox = ( 31.41, 63.035 ) - ( 31.77, 63.105 ) on Layer metal3
  violation type: Recheck
    srcs: net:_0264_ 
    bbox = ( 31.7, 62.755 ) - ( 31.77, 63.105 ) on Layer metal3
  violation type: Recheck
    srcs: net:_0264_ 
    bbox = ( 31.7, 62.755 ) - ( 32.43, 62.825 ) on Layer metal3
  violation type: Recheck
    srcs: net:_0264_ 
    bbox = ( 32.36, 60.935 ) - ( 32.43, 62.825 ) on Layer metal2
  violation type: Recheck
    srcs: net:_0264_ 
    bbox = ( 33.31, 48.755 ) - ( 33.57, 48.825 ) on Layer metal2
  violation type: Recheck
    srcs: net:_0264_ 
    bbox = ( 33.5, 48.755 ) - ( 33.73, 48.825 ) on Layer metal3
  violation type: Recheck
    srcs: net:_0264_ 
    bbox = ( 33.66, 48.195 ) - ( 33.73, 48.825 ) on Layer metal3
  violation type: Recheck
    srcs: net:_0264_ 
    bbox = ( 33.66, 48.195 ) - ( 33.76, 48.265 ) on Layer metal3
  violation type: Recheck
    srcs: net:_0264_ 
    bbox = ( 33.69, 47.075 ) - ( 33.76, 48.265 ) on Layer metal2
  violation type: Recheck
    srcs: net:_0264_ 
    bbox = ( 16.59, 58.765 ) - ( 16.85, 58.835 ) on Layer metal2
  violation type: Recheck
    srcs: net:_0264_ 
    bbox = ( 16.59, 57.855 ) - ( 16.66, 58.835 ) on Layer metal2
  violation type: Recheck
    srcs: net:_0264_ 
    bbox = ( 16.59, 57.855 ) - ( 17.04, 57.925 ) on Layer metal2
  violation type: Recheck
    srcs: net:_0264_ 
    bbox = ( 16.97, 57.855 ) - ( 18.18, 57.925 ) on Layer metal3
  violation type: Recheck
    srcs: net:_0264_ 
    bbox = ( 18.11, 56.595 ) - ( 18.18, 57.925 ) on Layer metal2
  violation type: Recheck
    srcs: net:_0264_ 
    bbox = ( 31.41, 63.7 ) - ( 31.48, 63.84 ) on Layer metal2
  violation type: Recheck
    srcs: net:_0264_ 
    bbox = ( 31.41, 63 ) - ( 31.48, 63.14 ) on Layer metal2
  violation type: Recheck
    srcs: net:_0264_ 
    bbox = ( 32.36, 62.72 ) - ( 32.43, 62.86 ) on Layer metal2
  violation type: Recheck
    srcs: net:_0264_ 
    bbox = ( 33.5, 48.72 ) - ( 33.57, 48.86 ) on Layer metal2
  violation type: Recheck
    srcs: net:_0264_ 
    bbox = ( 33.69, 48.16 ) - ( 33.76, 48.3 ) on Layer metal2
  violation type: Recheck
    srcs: net:_0264_ 
    bbox = ( 16.97, 57.82 ) - ( 17.04, 57.96 ) on Layer metal2
  violation type: Recheck
    srcs: net:_0264_ 
    bbox = ( 18.11, 57.82 ) - ( 18.18, 57.96 ) on Layer metal2
  violation type: Recheck
    srcs: net:_0264_ 
    bbox = ( 33.31, 48.755 ) - ( 33.38, 51.065 ) on Layer metal2
  violation type: Recheck
    srcs: net:_0264_ 
    bbox = ( 29.32, 63.735 ) - ( 31.48, 63.805 ) on Layer metal3
  violation type: Recheck
    srcs: net:_0264_ 
    bbox = ( 16.78, 58.765 ) - ( 16.85, 60.725 ) on Layer metal2
  violation type: Recheck
    srcs: net:_0267_ 
    bbox = ( 19.82, 58.835 ) - ( 22.55, 58.905 ) on Layer metal3
  violation type: Recheck
    srcs: net:_0267_ 
    bbox = ( 19.82, 58.765 ) - ( 19.89, 58.905 ) on Layer metal2
  violation type: Recheck
    srcs: net:_0267_ 
    bbox = ( 25.9, 58.275 ) - ( 25.97, 58.905 ) on Layer metal2
  violation type: Recheck
    srcs: net:_0267_ 
    bbox = ( 19.82, 58.8 ) - ( 19.89, 58.94 ) on Layer metal2
  violation type: Recheck
    srcs: net:_0267_ 
    bbox = ( 25.9, 58.8 ) - ( 25.97, 58.94 ) on Layer metal2
  violation type: Recheck
    srcs: net:_0274_ 
    bbox = ( 29.51, 69.475 ) - ( 29.58, 70.805 ) on Layer metal2
  violation type: Recheck
    srcs: net:_0274_ 
    bbox = ( 39.77, 58.765 ) - ( 39.84, 60.585 ) on Layer metal2
  violation type: Recheck
    srcs: net:_0274_ 
    bbox = ( 44.065, 54.915 ) - ( 44.135, 55.125 ) on Layer metal3
  violation type: Recheck
    srcs: net:_0274_ 
    bbox = ( 39.58, 58.765 ) - ( 39.84, 58.835 ) on Layer metal2
  violation type: Recheck
    srcs: net:_0274_ 
    bbox = ( 39.58, 57.855 ) - ( 39.65, 58.835 ) on Layer metal2
  violation type: Recheck
    srcs: net:_0274_ 
    bbox = ( 39.39, 57.855 ) - ( 39.65, 57.925 ) on Layer metal2
  violation type: Recheck
    srcs: net:_0274_ 
    bbox = ( 39.39, 56.595 ) - ( 39.46, 57.925 ) on Layer metal2
  violation type: Recheck
    srcs: net:_0274_ 
    bbox = ( 39.39, 56.595 ) - ( 39.65, 56.665 ) on Layer metal2
  violation type: Recheck
    srcs: net:_0274_ 
    bbox = ( 27.22, 70.455 ) - ( 27.29, 70.805 ) on Layer metal3
  violation type: Recheck
    srcs: net:_0274_ 
    bbox = ( 26.28, 70.455 ) - ( 27.29, 70.525 ) on Layer metal3
  violation type: Recheck
    srcs: net:_0274_ 
    bbox = ( 27.22, 70.735 ) - ( 29.58, 70.805 ) on Layer metal3
  violation type: Recheck
    srcs: net:_0274_ 
    bbox = ( 47.56, 60.935 ) - ( 47.63, 61.845 ) on Layer metal2
  violation type: Recheck
    srcs: net:_0274_ 
    bbox = ( 47.56, 61.775 ) - ( 48.39, 61.845 ) on Layer metal2
  violation type: Recheck
    srcs: net:_0274_ 
    bbox = ( 48.32, 61.775 ) - ( 48.39, 61.985 ) on Layer metal2
  violation type: Recheck
    srcs: net:_0274_ 
    bbox = ( 48.32, 61.915 ) - ( 48.58, 61.985 ) on Layer metal2
  violation type: Recheck
    srcs: net:_0274_ 
    bbox = ( 48.51, 61.915 ) - ( 48.58, 62.685 ) on Layer metal2
  violation type: Recheck
    srcs: net:_0274_ 
    bbox = ( 48.13, 62.615 ) - ( 48.58, 62.685 ) on Layer metal2
  violation type: Recheck
    srcs: net:_0274_ 
    bbox = ( 48.13, 62.615 ) - ( 48.2, 64.085 ) on Layer metal2
  violation type: Recheck
    srcs: net:_0274_ 
    bbox = ( 47.94, 64.015 ) - ( 48.2, 64.085 ) on Layer metal2
  violation type: Recheck
    srcs: net:_0274_ 
    bbox = ( 47.94, 64.015 ) - ( 48.01, 72.345 ) on Layer metal2
  violation type: Recheck
    srcs: net:_0274_ 
    bbox = ( 46.42, 72.275 ) - ( 48.01, 72.345 ) on Layer metal3
  violation type: Recheck
    srcs: net:_0274_ 
    bbox = ( 27.42, 49.455 ) - ( 27.49, 49.805 ) on Layer metal2
  violation type: Recheck
    srcs: net:_0274_ 
    bbox = ( 27.42, 49.455 ) - ( 27.68, 49.525 ) on Layer metal2
  violation type: Recheck
    srcs: net:_0274_ 
    bbox = ( 27.61, 49.315 ) - ( 27.68, 49.525 ) on Layer metal2
  violation type: Recheck
    srcs: net:_0274_ 
    bbox = ( 27.61, 49.315 ) - ( 30.91, 49.385 ) on Layer metal3
  violation type: Recheck
    srcs: net:_0274_ 
    bbox = ( 46.99, 54.075 ) - ( 47.25, 54.145 ) on Layer metal2
  violation type: Recheck
    srcs: net:_0274_ 
    bbox = ( 47.18, 53.795 ) - ( 47.25, 54.145 ) on Layer metal2
  violation type: Recheck
    srcs: net:_0274_ 
    bbox = ( 29.51, 70.7 ) - ( 29.58, 70.84 ) on Layer metal2
  violation type: Recheck
    srcs: net:_0274_ 
    bbox = ( 39.77, 60.48 ) - ( 39.84, 60.62 ) on Layer metal2
  violation type: Recheck
    srcs: net:_0274_ 
    bbox = ( 30.84, 49.28 ) - ( 30.91, 49.42 ) on Layer metal2
  violation type: Recheck
    srcs: net:_0274_ 
    bbox = ( 47.94, 72.24 ) - ( 48.01, 72.38 ) on Layer metal2
  violation type: Recheck
    srcs: net:_0274_ 
    bbox = ( 27.61, 49.28 ) - ( 27.68, 49.42 ) on Layer metal2
  violation type: Recheck
    srcs: net:_0274_ 
    bbox = ( 47.18, 53.76 ) - ( 47.25, 53.9 ) on Layer metal2
  violation type: Recheck
    srcs: net:_0274_ 
    bbox = ( 46.99, 54.075 ) - ( 47.06, 56.385 ) on Layer metal2
  violation type: Recheck
    srcs: net:_0284_ 
    bbox = ( 43.95, 53.795 ) - ( 44.02, 55.265 ) on Layer metal2
  violation type: Recheck
    srcs: net:_0284_ 
    bbox = ( 43.76, 53.795 ) - ( 44.02, 53.865 ) on Layer metal2
  violation type: Recheck
    srcs: net:_0284_ 
    bbox = ( 43.76, 49.875 ) - ( 43.83, 53.865 ) on Layer metal2
  violation type: Recheck
    srcs: net:_0284_ 
    bbox = ( 28.18, 69.335 ) - ( 28.25, 70.945 ) on Layer metal2
  violation type: Recheck
    srcs: net:_0284_ 
    bbox = ( 27.99, 70.875 ) - ( 28.25, 70.945 ) on Layer metal2
  violation type: Recheck
    srcs: net:_0284_ 
    bbox = ( 27.99, 70.875 ) - ( 28.06, 72.065 ) on Layer metal2
  violation type: Recheck
    srcs: net:_0284_ 
    bbox = ( 28.18, 69.335 ) - ( 30.15, 69.405 ) on Layer metal3
  violation type: Recheck
    srcs: net:_0284_ 
    bbox = ( 45.47, 59.395 ) - ( 45.73, 59.465 ) on Layer metal2
  violation type: Recheck
    srcs: net:_0284_ 
    bbox = ( 45.66, 59.395 ) - ( 45.73, 59.885 ) on Layer metal2
  violation type: Recheck
    srcs: net:_0284_ 
    bbox = ( 45.66, 59.815 ) - ( 45.92, 59.885 ) on Layer metal2
  violation type: Recheck
    srcs: net:_0284_ 
    bbox = ( 45.85, 59.815 ) - ( 45.92, 63.385 ) on Layer metal2
  violation type: Recheck
    srcs: net:_0284_ 
    bbox = ( 44.71, 63.315 ) - ( 45.92, 63.385 ) on Layer metal3
  violation type: Recheck
    srcs: net:_0284_ 
    bbox = ( 44.71, 63.315 ) - ( 44.78, 66.465 ) on Layer metal2
  violation type: Recheck
    srcs: net:_0284_ 
    bbox = ( 44.14, 66.395 ) - ( 44.78, 66.465 ) on Layer metal3
  violation type: Recheck
    srcs: net:_0284_ 
    bbox = ( 45.66, 58.835 ) - ( 48.39, 58.905 ) on Layer metal3
  violation type: Recheck
    srcs: net:_0284_ 
    bbox = ( 45.66, 58.835 ) - ( 45.73, 59.465 ) on Layer metal2
  violation type: Recheck
    srcs: net:_0284_ 
    bbox = ( 26.09, 54.355 ) - ( 26.35, 54.425 ) on Layer metal2
  violation type: Recheck
    srcs: net:_0284_ 
    bbox = ( 26.28, 54.355 ) - ( 28.97, 54.425 ) on Layer metal3
  violation type: Recheck
    srcs: net:_0284_ 
    bbox = ( 30.08, 69.3 ) - ( 30.15, 69.44 ) on Layer metal2
  violation type: Recheck
    srcs: net:_0284_ 
    bbox = ( 43.95, 55.16 ) - ( 44.02, 55.3 ) on Layer metal2
  violation type: Recheck
    srcs: net:_0284_ 
    bbox = ( 28.18, 69.3 ) - ( 28.25, 69.44 ) on Layer metal2
  violation type: Recheck
    srcs: net:_0284_ 
    bbox = ( 27.99, 71.96 ) - ( 28.06, 72.1 ) on Layer metal2
  violation type: Recheck
    srcs: net:_0284_ 
    bbox = ( 45.85, 63.28 ) - ( 45.92, 63.42 ) on Layer metal2
  violation type: Recheck
    srcs: net:_0284_ 
    bbox = ( 44.71, 63.28 ) - ( 44.78, 63.42 ) on Layer metal2
  violation type: Recheck
    srcs: net:_0284_ 
    bbox = ( 44.71, 66.36 ) - ( 44.78, 66.5 ) on Layer metal2
  violation type: Recheck
    srcs: net:_0284_ 
    bbox = ( 48.32, 58.8 ) - ( 48.39, 58.94 ) on Layer metal2
  violation type: Recheck
    srcs: net:_0284_ 
    bbox = ( 45.66, 58.8 ) - ( 45.73, 58.94 ) on Layer metal2
  violation type: Recheck
    srcs: net:_0284_ 
    bbox = ( 26.28, 54.32 ) - ( 26.35, 54.46 ) on Layer metal2
  violation type: Recheck
    srcs: net:_0295_ 
    bbox = ( 29.365, 70.175 ) - ( 29.435, 70.525 ) on Layer metal3
  violation type: Recheck
    srcs: net:_0295_ 
    bbox = ( 34.64, 70.875 ) - ( 34.71, 71.785 ) on Layer metal2
  violation type: Recheck
    srcs: net:_0295_ 
    bbox = ( 34.585, 70.875 ) - ( 34.71, 70.945 ) on Layer metal2
  violation type: Recheck
    srcs: net:_0295_ 
    bbox = ( 34.585, 70.735 ) - ( 34.655, 70.945 ) on Layer metal2
  violation type: Recheck
    srcs: net:_0295_ 
    bbox = ( 34.45, 70.735 ) - ( 34.655, 70.805 ) on Layer metal2
  violation type: Recheck
    srcs: net:_0295_ 
    bbox = ( 34.45, 70.595 ) - ( 34.52, 70.805 ) on Layer metal2
  violation type: Recheck
    srcs: net:_0295_ 
    bbox = ( 29.365, 70.175 ) - ( 29.53, 70.245 ) on Layer metal3
  violation type: Recheck
    srcs: net:_0295_ 
    bbox = ( 29.32, 70.175 ) - ( 29.435, 70.245 ) on Layer metal3
  violation type: Recheck
    srcs: net:_0295_ 
    bbox = ( 29.32, 66.815 ) - ( 29.39, 70.245 ) on Layer metal2
  violation type: Recheck
    srcs: net:_0295_ 
    bbox = ( 26.85, 69.615 ) - ( 26.92, 70.665 ) on Layer metal2
  violation type: Recheck
    srcs: net:_0295_ 
    bbox = ( 26.85, 69.615 ) - ( 29.39, 69.685 ) on Layer metal3
  violation type: Recheck
    srcs: net:_0295_ 
    bbox = ( 44.58, 62.755 ) - ( 44.97, 62.825 ) on Layer metal3
  violation type: Recheck
    srcs: net:_0295_ 
    bbox = ( 44.58, 62.755 ) - ( 44.65, 62.965 ) on Layer metal3
  violation type: Recheck
    srcs: net:_0295_ 
    bbox = ( 44.545, 62.86 ) - ( 44.685, 71.54 ) on Layer metal4
  violation type: Recheck
    srcs: net:_0295_ 
    bbox = ( 44.33, 71.435 ) - ( 44.65, 71.505 ) on Layer metal3
  violation type: Recheck
    srcs: net:_0295_ 
    bbox = ( 44.33, 71.435 ) - ( 44.4, 73.465 ) on Layer metal2
  violation type: Recheck
    srcs: net:_0295_ 
    bbox = ( 45.09, 58.765 ) - ( 45.35, 58.835 ) on Layer metal2
  violation type: Recheck
    srcs: net:_0295_ 
    bbox = ( 44.71, 58.835 ) - ( 45.16, 58.905 ) on Layer metal3
  violation type: Recheck
    srcs: net:_0295_ 
    bbox = ( 44.71, 58.835 ) - ( 44.78, 60.305 ) on Layer metal2
  violation type: Recheck
    srcs: net:_0295_ 
    bbox = ( 44.52, 60.235 ) - ( 44.78, 60.305 ) on Layer metal2
  violation type: Recheck
    srcs: net:_0295_ 
    bbox = ( 44.52, 60.235 ) - ( 44.59, 61.005 ) on Layer metal2
  violation type: Recheck
    srcs: net:_0295_ 
    bbox = ( 45.09, 58.765 ) - ( 45.16, 58.905 ) on Layer metal2
  violation type: Recheck
    srcs: net:_0295_ 
    bbox = ( 45.28, 58.695 ) - ( 45.35, 58.835 ) on Layer metal2
  violation type: Recheck
    srcs: net:_0295_ 
    bbox = ( 44.33, 58.695 ) - ( 45.35, 58.765 ) on Layer metal3
  violation type: Recheck
    srcs: net:_0295_ 
    bbox = ( 44.33, 58.135 ) - ( 44.4, 58.765 ) on Layer metal2
  violation type: Recheck
    srcs: net:_0295_ 
    bbox = ( 34.64, 71.68 ) - ( 34.71, 71.82 ) on Layer metal2
  violation type: Recheck
    srcs: net:_0295_ 
    bbox = ( 29.32, 70.14 ) - ( 29.39, 70.28 ) on Layer metal2
  violation type: Recheck
    srcs: net:_0295_ 
    bbox = ( 29.32, 66.78 ) - ( 29.39, 66.92 ) on Layer metal2
  violation type: Recheck
    srcs: net:_0295_ 
    bbox = ( 26.85, 69.58 ) - ( 26.92, 69.72 ) on Layer metal2
  violation type: Recheck
    srcs: net:_0295_ 
    bbox = ( 29.32, 69.58 ) - ( 29.39, 69.72 ) on Layer metal2
  violation type: Recheck
    srcs: net:_0295_ 
    bbox = ( 44.545, 62.895 ) - ( 44.685, 62.965 ) on Layer metal3
  violation type: Recheck
    srcs: net:_0295_ 
    bbox = ( 44.545, 71.435 ) - ( 44.685, 71.505 ) on Layer metal3
  violation type: Recheck
    srcs: net:_0295_ 
    bbox = ( 44.33, 71.4 ) - ( 44.4, 71.54 ) on Layer metal2
  violation type: Recheck
    srcs: net:_0295_ 
    bbox = ( 44.33, 73.36 ) - ( 44.4, 73.5 ) on Layer metal2
  violation type: Recheck
    srcs: net:_0295_ 
    bbox = ( 45.09, 58.8 ) - ( 45.16, 58.94 ) on Layer metal2
  violation type: Recheck
    srcs: net:_0295_ 
    bbox = ( 44.71, 58.8 ) - ( 44.78, 58.94 ) on Layer metal2
  violation type: Recheck
    srcs: net:_0295_ 
    bbox = ( 45.28, 58.66 ) - ( 45.35, 58.8 ) on Layer metal2
  violation type: Recheck
    srcs: net:_0295_ 
    bbox = ( 44.33, 58.66 ) - ( 44.4, 58.8 ) on Layer metal2
  violation type: Recheck
    srcs: net:_0295_ 
    bbox = ( 34.64, 71.715 ) - ( 39.46, 71.785 ) on Layer metal3
  violation type: Recheck
    srcs: net:_0302_ 
    bbox = ( 53.07, 58.835 ) - ( 55.23, 58.905 ) on Layer metal3
  violation type: Recheck
    srcs: net:_0302_ 
    bbox = ( 53.07, 58.8 ) - ( 53.14, 58.94 ) on Layer metal2
  violation type: Recheck
    srcs: net:_0302_ 
    bbox = ( 55.16, 58.8 ) - ( 55.23, 58.94 ) on Layer metal2
  violation type: Recheck
    srcs: net:_0305_ 
    bbox = ( 42.62, 70.455 ) - ( 42.69, 70.945 ) on Layer metal3
  violation type: Recheck
    srcs: net:_0305_ 
    bbox = ( 40.72, 70.875 ) - ( 42.69, 70.945 ) on Layer metal3
  violation type: Recheck
    srcs: net:_0305_ 
    bbox = ( 36.18, 73.115 ) - ( 36.42, 73.185 ) on Layer metal3
  violation type: Recheck
    srcs: net:_0305_ 
    bbox = ( 36.18, 73.115 ) - ( 36.25, 73.325 ) on Layer metal3
  violation type: Recheck
    srcs: net:_0305_ 
    bbox = ( 35.78, 73.255 ) - ( 36.25, 73.325 ) on Layer metal3
  violation type: Recheck
    srcs: net:_0305_ 
    bbox = ( 36.35, 73.115 ) - ( 36.42, 75.145 ) on Layer metal2
  violation type: Recheck
    srcs: net:_0305_ 
    bbox = ( 46.04, 69.335 ) - ( 46.11, 70.245 ) on Layer metal2
  violation type: Recheck
    srcs: net:_0305_ 
    bbox = ( 44.14, 70.175 ) - ( 46.11, 70.245 ) on Layer metal3
  violation type: Recheck
    srcs: net:_0305_ 
    bbox = ( 44.14, 70.175 ) - ( 44.21, 70.525 ) on Layer metal2
  violation type: Recheck
    srcs: net:_0305_ 
    bbox = ( 42.62, 70.455 ) - ( 44.21, 70.525 ) on Layer metal3
  violation type: Recheck
    srcs: net:_0305_ 
    bbox = ( 36.35, 73.08 ) - ( 36.42, 73.22 ) on Layer metal2
  violation type: Recheck
    srcs: net:_0305_ 
    bbox = ( 36.35, 75.04 ) - ( 36.42, 75.18 ) on Layer metal2
  violation type: Recheck
    srcs: net:_0305_ 
    bbox = ( 46.04, 70.14 ) - ( 46.11, 70.28 ) on Layer metal2
  violation type: Recheck
    srcs: net:_0305_ 
    bbox = ( 44.14, 70.14 ) - ( 44.21, 70.28 ) on Layer metal2
  violation type: Recheck
    srcs: net:_0305_ 
    bbox = ( 44.14, 70.42 ) - ( 44.21, 70.56 ) on Layer metal2
  violation type: Recheck
    srcs: net:_0311_ 
    bbox = ( 59.53, 58.765 ) - ( 59.79, 58.835 ) on Layer metal2
  violation type: Recheck
    srcs: net:_0315_ 
    bbox = ( 63.33, 58.765 ) - ( 63.97, 58.835 ) on Layer metal2
  violation type: Recheck
    srcs: net:_0341_ 
    bbox = ( 41.29, 73.465 ) - ( 41.74, 73.535 ) on Layer metal2
  violation type: Recheck
    srcs: net:_0344_ 
    bbox = ( 47.75, 71.295 ) - ( 48.29, 71.365 ) on Layer metal3
  violation type: Recheck
    srcs: net:_0344_ 
    bbox = ( 48.22, 71.295 ) - ( 48.29, 71.505 ) on Layer metal3
  violation type: Recheck
    srcs: net:_0344_ 
    bbox = ( 48.22, 71.435 ) - ( 48.58, 71.505 ) on Layer metal3
  violation type: Recheck
    srcs: net:_0344_ 
    bbox = ( 48.51, 71.435 ) - ( 48.58, 72.205 ) on Layer metal2
  violation type: Recheck
    srcs: net:_0344_ 
    bbox = ( 47.75, 71.26 ) - ( 47.82, 71.4 ) on Layer metal2
  violation type: Recheck
    srcs: net:_0344_ 
    bbox = ( 48.51, 71.4 ) - ( 48.58, 71.54 ) on Layer metal2
  violation type: Recheck
    srcs: net:_0344_ 
    bbox = ( 47.75, 69.335 ) - ( 47.82, 71.365 ) on Layer metal2
  violation type: Recheck
    srcs: net:_0362_ 
    bbox = ( 32.55, 58.765 ) - ( 32.81, 58.835 ) on Layer metal2
  violation type: Recheck
    srcs: net:_0370_ 
    bbox = ( 27.8, 58.765 ) - ( 28.63, 58.835 ) on Layer metal2
  violation type: Recheck
    srcs: net:_0424_ 
    bbox = ( 44.065, 66.955 ) - ( 44.135, 67.165 ) on Layer metal3
  violation type: Recheck
    srcs: net:_0424_ 
    bbox = ( 58.825, 62.86 ) - ( 58.965, 67.34 ) on Layer metal4
  violation type: Recheck
    srcs: net:_0424_ 
    bbox = ( 58.77, 67.235 ) - ( 58.93, 67.305 ) on Layer metal3
  violation type: Recheck
    srcs: net:_0424_ 
    bbox = ( 58.765, 62.895 ) - ( 58.93, 62.965 ) on Layer metal3
  violation type: Recheck
    srcs: net:_0424_ 
    bbox = ( 58.825, 62.895 ) - ( 58.965, 62.965 ) on Layer metal3
  violation type: Recheck
    srcs: net:_0424_ 
    bbox = ( 58.825, 67.235 ) - ( 58.965, 67.305 ) on Layer metal3
  violation type: Recheck
    srcs: net:_0424_ 
    bbox = ( 58.765, 62.195 ) - ( 58.835, 62.965 ) on Layer metal3
  violation type: Recheck
    srcs: net:_0447_ 
    bbox = ( 58.01, 70.875 ) - ( 58.08, 72.065 ) on Layer metal2
  violation type: Recheck
    srcs: net:_0447_ 
    bbox = ( 58.01, 70.875 ) - ( 58.27, 70.945 ) on Layer metal2
  violation type: Recheck
    srcs: net:_0447_ 
    bbox = ( 58.2, 68.215 ) - ( 58.27, 70.945 ) on Layer metal2
  violation type: Recheck
    srcs: net:_0447_ 
    bbox = ( 58.01, 71.96 ) - ( 58.08, 72.1 ) on Layer metal2
  violation type: Recheck
    srcs: net:_0447_ 
    bbox = ( 58.2, 68.18 ) - ( 58.27, 68.32 ) on Layer metal2
  violation type: Recheck
    srcs: net:_0461_ 
    bbox = ( 33.88, 58.765 ) - ( 34.33, 58.835 ) on Layer metal2
  violation type: Recheck
    srcs: net:net32 
    bbox = ( 63.71, 29.365 ) - ( 63.97, 29.435 ) on Layer metal2
  violation type: Recheck
    srcs: net:_0484_ 
    bbox = ( 58.77, 58.765 ) - ( 59.03, 58.835 ) on Layer metal2
  violation type: Recheck
    srcs: net:_0870_ 
    bbox = ( 32.225, 73.43 ) - ( 32.925, 73.57 ) on Layer metal4
  violation type: Recheck
    srcs: net:_0906_ 
    bbox = ( 57.06, 73.465 ) - ( 57.89, 73.535 ) on Layer metal2
  violation type: Recheck
    srcs: net:_0942_ 
    bbox = ( 67.13, 73.465 ) - ( 67.39, 73.535 ) on Layer metal2
  violation type: Recheck
    srcs: net:_0942_ 
    bbox = ( 67.13, 72.975 ) - ( 67.2, 73.535 ) on Layer metal2
  violation type: Recheck
    srcs: net:_0942_ 
    bbox = ( 67.32, 73.465 ) - ( 67.39, 73.885 ) on Layer metal2
  violation type: Recheck
    srcs: net:_0942_ 
    bbox = ( 67.32, 73.78 ) - ( 67.39, 73.92 ) on Layer metal1
  violation type: Recheck
    srcs: net:_0957_ 
    bbox = ( 59.53, 73.465 ) - ( 59.79, 73.535 ) on Layer metal2
  violation type: Recheck
    srcs: net:_0968_ 
    bbox = ( 44.065, 70.875 ) - ( 44.135, 71.085 ) on Layer metal3
  violation type: Recheck
    srcs: net:_1017_ 
    bbox = ( 64.66, 64.015 ) - ( 66.25, 64.085 ) on Layer metal3
  violation type: Recheck
    srcs: net:_1017_ 
    bbox = ( 64.66, 64.015 ) - ( 64.73, 68.145 ) on Layer metal2
  violation type: Recheck
    srcs: net:_1017_ 
    bbox = ( 64.47, 68.075 ) - ( 64.73, 68.145 ) on Layer metal2
  violation type: Recheck
    srcs: net:_1017_ 
    bbox = ( 64.47, 68.075 ) - ( 64.54, 73.445 ) on Layer metal2
  violation type: Recheck
    srcs: net:_1017_ 
    bbox = ( 64.28, 73.375 ) - ( 64.54, 73.445 ) on Layer metal2
  violation type: Recheck
    srcs: net:_1017_ 
    bbox = ( 64.28, 73.375 ) - ( 64.35, 73.535 ) on Layer metal2
  violation type: Recheck
    srcs: net:_1017_ 
    bbox = ( 64.28, 73.465 ) - ( 64.54, 73.535 ) on Layer metal2
  violation type: Recheck
    srcs: net:_1017_ 
    bbox = ( 64.47, 73.465 ) - ( 64.54, 75.985 ) on Layer metal2
  violation type: Recheck
    srcs: net:_1017_ 
    bbox = ( 64.66, 63.98 ) - ( 64.73, 64.12 ) on Layer metal2
  violation type: Recheck
    srcs: net:_1018_ 
    bbox = ( 73.4, 76.475 ) - ( 73.47, 78.085 ) on Layer metal2
  violation type: Recheck
    srcs: net:_1018_ 
    bbox = ( 73.4, 76.475 ) - ( 73.535, 76.545 ) on Layer metal3
  violation type: Recheck
    srcs: net:_1018_ 
    bbox = ( 73.4, 76.44 ) - ( 73.47, 76.58 ) on Layer metal2
  violation type: Recheck
    srcs: net:_1018_ 
    bbox = ( 73.4, 77.98 ) - ( 73.47, 78.12 ) on Layer metal2
  violation type: Recheck
    srcs: net:net15 
    bbox = ( 58.765, 11.095 ) - ( 58.835, 11.865 ) on Layer metal3
  violation type: Recheck
    srcs: net:net15 
    bbox = ( 59.105, 3.08 ) - ( 59.245, 11.2 ) on Layer metal4
  violation type: Recheck
    srcs: net:net15 
    bbox = ( 58.765, 11.095 ) - ( 59.21, 11.165 ) on Layer metal3
  violation type: Recheck
    srcs: net:net15 
    bbox = ( 59.105, 11.095 ) - ( 59.245, 11.165 ) on Layer metal3
  violation type: Recheck
    srcs: net:net15 
    bbox = ( 59.105, 3.115 ) - ( 59.245, 3.185 ) on Layer metal3
  violation type: Recheck
    srcs: net:net14 
    bbox = ( 58.765, 5.915 ) - ( 58.835, 6.265 ) on Layer metal3
  violation type: Recheck
    srcs: net:net14 
    bbox = ( 58.825, 6.16 ) - ( 58.965, 11.06 ) on Layer metal4
  violation type: Recheck
    srcs: net:net14 
    bbox = ( 58.765, 6.195 ) - ( 58.93, 6.265 ) on Layer metal3
  violation type: Recheck
    srcs: net:net14 
    bbox = ( 58.765, 5.775 ) - ( 58.835, 5.985 ) on Layer metal3
  violation type: Recheck
    srcs: net:net14 
    bbox = ( 58.01, 5.775 ) - ( 58.835, 5.845 ) on Layer metal3
  violation type: Recheck
    srcs: net:net14 
    bbox = ( 58.825, 6.195 ) - ( 58.965, 6.265 ) on Layer metal3
  violation type: Recheck
    srcs: net:net14 
    bbox = ( 58.825, 10.955 ) - ( 58.965, 11.025 ) on Layer metal3
  violation type: Recheck
    srcs: net:net14 
    bbox = ( 58.01, 5.74 ) - ( 58.08, 5.88 ) on Layer metal2
  violation type: Recheck
    srcs: net:_1103_ 
    bbox = ( 51.17, 14.665 ) - ( 51.81, 14.735 ) on Layer metal2
  violation type: Recheck
    srcs: net:_1217_ 
    bbox = ( 26.66, 29.365 ) - ( 27.11, 29.435 ) on Layer metal2
  violation type: Recheck
    srcs: net:_1237_ 
    bbox = ( 28.56, 29.365 ) - ( 29.01, 29.435 ) on Layer metal2
  violation type: Recheck
    srcs: net:_1264_ 
    bbox = ( 14.665, 5.075 ) - ( 14.735, 5.705 ) on Layer metal3
  violation type: Recheck
    srcs: net:_1461_ 
    bbox = ( 27.99, 29.365 ) - ( 28.25, 29.435 ) on Layer metal2
  violation type: Recheck
    srcs: net:_1549_ 
    bbox = ( 74.16, 29.715 ) - ( 74.8, 29.785 ) on Layer metal2
  violation type: Recheck
    srcs: net:_1549_ 
    bbox = ( 74.16, 29.715 ) - ( 74.23, 32.585 ) on Layer metal2
  violation type: Recheck
    srcs: net:_1549_ 
    bbox = ( 50.03, 14.875 ) - ( 53.71, 14.945 ) on Layer metal3
  violation type: Recheck
    srcs: net:_1549_ 
    bbox = ( 73.465, 26.215 ) - ( 73.535, 26.985 ) on Layer metal3
  violation type: Recheck
    srcs: net:_1549_ 
    bbox = ( 73.465, 26.215 ) - ( 73.85, 26.285 ) on Layer metal3
  violation type: Recheck
    srcs: net:_1549_ 
    bbox = ( 73.78, 24.115 ) - ( 73.85, 26.285 ) on Layer metal2
  violation type: Recheck
    srcs: net:_1549_ 
    bbox = ( 73.78, 24.115 ) - ( 74.04, 24.185 ) on Layer metal2
  violation type: Recheck
    srcs: net:_1549_ 
    bbox = ( 73.97, 17.815 ) - ( 74.04, 24.185 ) on Layer metal2
  violation type: Recheck
    srcs: net:_1549_ 
    bbox = ( 73.78, 26.915 ) - ( 74.8, 26.985 ) on Layer metal3
  violation type: Recheck
    srcs: net:_1549_ 
    bbox = ( 74.73, 26.915 ) - ( 74.8, 29.785 ) on Layer metal2
  violation type: Recheck
    srcs: net:_1549_ 
    bbox = ( 74.16, 32.48 ) - ( 74.23, 32.62 ) on Layer metal2
  violation type: Recheck
    srcs: net:_1549_ 
    bbox = ( 53.64, 14.84 ) - ( 53.71, 14.98 ) on Layer metal2
  violation type: Recheck
    srcs: net:_1549_ 
    bbox = ( 50.03, 14.84 ) - ( 50.1, 14.98 ) on Layer metal2
  violation type: Recheck
    srcs: net:_1549_ 
    bbox = ( 73.78, 26.18 ) - ( 73.85, 26.32 ) on Layer metal2
  violation type: Recheck
    srcs: net:_1549_ 
    bbox = ( 73.97, 17.78 ) - ( 74.04, 17.92 ) on Layer metal2
  violation type: Recheck
    srcs: net:_1549_ 
    bbox = ( 74.73, 26.88 ) - ( 74.8, 27.02 ) on Layer metal2
  violation type: Recheck
    srcs: net:_1565_ 
    bbox = ( 31.03, 29.365 ) - ( 31.48, 29.435 ) on Layer metal2
  violation type: Recheck
    srcs: net:_1565_ 
    bbox = ( 31.41, 29.015 ) - ( 31.48, 29.435 ) on Layer metal2
  violation type: Recheck
    srcs: net:_1565_ 
    bbox = ( 31.41, 29.015 ) - ( 31.67, 29.085 ) on Layer metal2
  violation type: Recheck
    srcs: net:_1565_ 
    bbox = ( 31.03, 29.365 ) - ( 31.1, 30.205 ) on Layer metal2
  violation type: Recheck
    srcs: net:_1571_ 
    bbox = ( 41.86, 19.775 ) - ( 41.93, 19.985 ) on Layer metal3
  violation type: Recheck
    srcs: net:_1571_ 
    bbox = ( 41.86, 19.775 ) - ( 42.12, 19.845 ) on Layer metal3
  violation type: Recheck
    srcs: net:_1571_ 
    bbox = ( 42.05, 17.255 ) - ( 42.12, 19.845 ) on Layer metal2
  violation type: Recheck
    srcs: net:_1571_ 
    bbox = ( 23.05, 14.595 ) - ( 23.12, 15.365 ) on Layer metal2
  violation type: Recheck
    srcs: net:_1571_ 
    bbox = ( 42.05, 19.74 ) - ( 42.12, 19.88 ) on Layer metal2
  violation type: Recheck
    srcs: net:_1571_ 
    bbox = ( 42.05, 17.22 ) - ( 42.12, 17.36 ) on Layer metal2
  violation type: Recheck
    srcs: net:_1571_ 
    bbox = ( 23.05, 15.26 ) - ( 23.12, 15.4 ) on Layer metal2
  violation type: Recheck
    srcs: net:_1576_ 
    bbox = ( 44.14, 22.015 ) - ( 44.21, 24.885 ) on Layer metal2
  violation type: Recheck
    srcs: net:_1576_ 
    bbox = ( 44.065, 22.015 ) - ( 44.21, 22.085 ) on Layer metal3
  violation type: Recheck
    srcs: net:_1576_ 
    bbox = ( 44.065, 21.875 ) - ( 44.135, 22.085 ) on Layer metal3
  violation type: Recheck
    srcs: net:_1576_ 
    bbox = ( 44.14, 21.98 ) - ( 44.21, 22.12 ) on Layer metal2
  violation type: Recheck
    srcs: net:_1586_ 
    bbox = ( 59.34, 9.975 ) - ( 59.41, 10.605 ) on Layer metal2
  violation type: Recheck
    srcs: net:_1586_ 
    bbox = ( 58.765, 10.535 ) - ( 59.41, 10.605 ) on Layer metal3
  violation type: Recheck
    srcs: net:_1586_ 
    bbox = ( 58.765, 10.535 ) - ( 58.835, 10.745 ) on Layer metal3
  violation type: Recheck
    srcs: net:_1586_ 
    bbox = ( 59.34, 10.5 ) - ( 59.41, 10.64 ) on Layer metal2
  violation type: Recheck
    srcs: net:_1586_ 
    bbox = ( 58.3, 10.675 ) - ( 58.835, 10.745 ) on Layer metal3
  violation type: Recheck
    srcs: net:_1617_ 
    bbox = ( 34.26, 12.915 ) - ( 34.9, 12.985 ) on Layer metal2
  violation type: Recheck
    srcs: net:_1617_ 
    bbox = ( 34.26, 15.855 ) - ( 34.9, 15.925 ) on Layer metal2
  violation type: Recheck
    srcs: net:_1617_ 
    bbox = ( 34.26, 15.855 ) - ( 34.33, 17.605 ) on Layer metal2
  violation type: Recheck
    srcs: net:_1617_ 
    bbox = ( 34.26, 17.535 ) - ( 35.47, 17.605 ) on Layer metal3
  violation type: Recheck
    srcs: net:_1617_ 
    bbox = ( 34.83, 12.915 ) - ( 34.9, 15.925 ) on Layer metal2
  violation type: Recheck
    srcs: net:_1617_ 
    bbox = ( 23.43, 16.415 ) - ( 25.02, 16.485 ) on Layer metal3
  violation type: Recheck
    srcs: net:_1617_ 
    bbox = ( 23.43, 16.415 ) - ( 23.5, 16.765 ) on Layer metal2
  violation type: Recheck
    srcs: net:_1617_ 
    bbox = ( 23.24, 16.695 ) - ( 23.5, 16.765 ) on Layer metal2
  violation type: Recheck
    srcs: net:_1617_ 
    bbox = ( 18.3, 16.695 ) - ( 23.31, 16.765 ) on Layer metal3
  violation type: Recheck
    srcs: net:_1617_ 
    bbox = ( 34.26, 17.5 ) - ( 34.33, 17.64 ) on Layer metal2
  violation type: Recheck
    srcs: net:_1617_ 
    bbox = ( 23.43, 16.38 ) - ( 23.5, 16.52 ) on Layer metal2
  violation type: Recheck
    srcs: net:_1617_ 
    bbox = ( 23.24, 16.66 ) - ( 23.31, 16.8 ) on Layer metal2
  violation type: Recheck
    srcs: net:_1617_ 
    bbox = ( 18.3, 16.66 ) - ( 18.37, 16.8 ) on Layer metal2
  violation type: Recheck
    srcs: net:net90 
    bbox = ( 62.38, 27.755 ) - ( 62.45, 28.665 ) on Layer metal2
  violation type: Recheck
    srcs: net:net90 
    bbox = ( 62.38, 27.755 ) - ( 67.58, 27.825 ) on Layer metal3
  violation type: Recheck
    srcs: net:net90 
    bbox = ( 67.51, 25.935 ) - ( 67.58, 27.825 ) on Layer metal2
  violation type: Recheck
    srcs: net:net90 
    bbox = ( 62.38, 27.72 ) - ( 62.45, 27.86 ) on Layer metal2
  violation type: Recheck
    srcs: net:net90 
    bbox = ( 67.51, 27.72 ) - ( 67.58, 27.86 ) on Layer metal2
  violation type: Recheck
    srcs: net:_1643_ 
    bbox = ( 34.26, 29.575 ) - ( 34.52, 29.645 ) on Layer metal2
  violation type: Recheck
    srcs: net:_1643_ 
    bbox = ( 34.45, 29.575 ) - ( 41.17, 29.645 ) on Layer metal3
  violation type: Recheck
    srcs: net:_1643_ 
    bbox = ( 33.69, 30.135 ) - ( 33.76, 30.485 ) on Layer metal2
  violation type: Recheck
    srcs: net:_1643_ 
    bbox = ( 33.69, 30.415 ) - ( 34.33, 30.485 ) on Layer metal2
  violation type: Recheck
    srcs: net:_1643_ 
    bbox = ( 34.26, 29.575 ) - ( 34.33, 30.485 ) on Layer metal2
  violation type: Recheck
    srcs: net:_1643_ 
    bbox = ( 34.26, 28.595 ) - ( 34.33, 29.645 ) on Layer metal2
  violation type: Recheck
    srcs: net:_1643_ 
    bbox = ( 34.45, 29.54 ) - ( 34.52, 29.68 ) on Layer metal2
  violation type: Recheck
    srcs: net:net89 
    bbox = ( 31.79, 28.875 ) - ( 32.43, 28.945 ) on Layer metal3
  violation type: Recheck
    srcs: net:net89 
    bbox = ( 32.36, 28.595 ) - ( 32.43, 28.945 ) on Layer metal3
  violation type: Recheck
    srcs: net:net89 
    bbox = ( 32.36, 28.595 ) - ( 33.76, 28.665 ) on Layer metal3
  violation type: Recheck
    srcs: net:net89 
    bbox = ( 33.69, 27.615 ) - ( 33.76, 28.665 ) on Layer metal2
  violation type: Recheck
    srcs: net:net89 
    bbox = ( 33.66, 27.615 ) - ( 33.76, 27.685 ) on Layer metal3
  violation type: Recheck
    srcs: net:net89 
    bbox = ( 33.66, 27.335 ) - ( 33.73, 27.685 ) on Layer metal3
  violation type: Recheck
    srcs: net:net89 
    bbox = ( 33.69, 28.56 ) - ( 33.76, 28.7 ) on Layer metal2
  violation type: Recheck
    srcs: net:net89 
    bbox = ( 33.69, 27.58 ) - ( 33.76, 27.72 ) on Layer metal2
  violation type: Recheck
    srcs: net:_1648_ 
    bbox = ( 8.61, 29.365 ) - ( 8.87, 29.435 ) on Layer metal2
  violation type: Recheck
    srcs: net:_1648_ 
    bbox = ( 5.94, 29.435 ) - ( 8.68, 29.505 ) on Layer metal3
  violation type: Recheck
    srcs: net:_1648_ 
    bbox = ( 8.61, 29.365 ) - ( 8.68, 29.505 ) on Layer metal2
  violation type: Recheck
    srcs: net:_1648_ 
    bbox = ( 8.61, 29.4 ) - ( 8.68, 29.54 ) on Layer metal2
  violation type: Recheck
    srcs: net:_1648_ 
    bbox = ( 5.905, 29.435 ) - ( 6.045, 29.505 ) on Layer metal3
  violation type: Recheck
    srcs: net:_1648_ 
    bbox = ( 54.97, 29.365 ) - ( 55.42, 29.435 ) on Layer metal2
  violation type: Recheck
    srcs: net:_1661_ 
    bbox = ( 61.62, 14.665 ) - ( 61.88, 14.735 ) on Layer metal2
  violation type: Recheck
    srcs: net:net87 
    bbox = ( 53.07, 71.575 ) - ( 53.33, 71.645 ) on Layer metal2
  violation type: Recheck
    srcs: net:net87 
    bbox = ( 53.26, 71.575 ) - ( 53.89, 71.645 ) on Layer metal3
  violation type: Recheck
    srcs: net:net87 
    bbox = ( 53.785, 65.1 ) - ( 53.925, 71.68 ) on Layer metal4
  violation type: Recheck
    srcs: net:net87 
    bbox = ( 53.82, 65.135 ) - ( 53.9, 65.205 ) on Layer metal3
  violation type: Recheck
    srcs: net:net87 
    bbox = ( 53.83, 64.995 ) - ( 53.9, 65.205 ) on Layer metal2
  violation type: Recheck
    srcs: net:net87 
    bbox = ( 53.26, 71.54 ) - ( 53.33, 71.68 ) on Layer metal2
  violation type: Recheck
    srcs: net:net87 
    bbox = ( 53.785, 71.575 ) - ( 53.925, 71.645 ) on Layer metal3
  violation type: Recheck
    srcs: net:net87 
    bbox = ( 53.785, 65.135 ) - ( 53.925, 65.205 ) on Layer metal3
  violation type: Recheck
    srcs: net:net87 
    bbox = ( 53.83, 65.1 ) - ( 53.9, 65.24 ) on Layer metal2
  violation type: Recheck
    srcs: net:net87 
    bbox = ( 53.07, 71.575 ) - ( 53.14, 73.465 ) on Layer metal2
  violation type: Recheck
    srcs: net:net85 
    bbox = ( 30.08, 58.765 ) - ( 30.53, 58.835 ) on Layer metal2
  violation type: Recheck
    srcs: net:_1756_ 
    bbox = ( 35.78, 14.665 ) - ( 36.04, 14.735 ) on Layer metal2
  violation type: Recheck
    srcs: net:_1764_ 
    bbox = ( 44.065, 6.335 ) - ( 44.135, 6.545 ) on Layer metal3
  violation type: Recheck
    srcs: net:net84 
    bbox = ( 58.765, 64.995 ) - ( 58.835, 65.205 ) on Layer metal3
  violation type: Recheck
    srcs: net:net84 
    bbox = ( 58.765, 65.135 ) - ( 59.22, 65.205 ) on Layer metal3
  violation type: Recheck
    srcs: net:net84 
    bbox = ( 58.58, 64.995 ) - ( 58.835, 65.065 ) on Layer metal3
  violation type: Recheck
    srcs: net:net84 
    bbox = ( 58.58, 64.855 ) - ( 58.65, 65.065 ) on Layer metal3
  violation type: Recheck
    srcs: net:net84 
    bbox = ( 59.15, 65.1 ) - ( 59.22, 65.24 ) on Layer metal2
  violation type: Recheck
    srcs: net:net84 
    bbox = ( 55.73, 64.855 ) - ( 58.65, 64.925 ) on Layer metal3
  violation type: Recheck
    srcs: net:net83 
    bbox = ( 44.065, 65.835 ) - ( 44.135, 66.045 ) on Layer metal3
  violation type: Recheck
    srcs: net:net83 
    bbox = ( 41.86, 65.975 ) - ( 41.93, 66.465 ) on Layer metal2
  violation type: Recheck
    srcs: net:net83 
    bbox = ( 41.86, 65.975 ) - ( 44.135, 66.045 ) on Layer metal3
  violation type: Recheck
    srcs: net:net83 
    bbox = ( 44.065, 65.555 ) - ( 44.135, 65.905 ) on Layer metal3
  violation type: Recheck
    srcs: net:net83 
    bbox = ( 44.065, 65.555 ) - ( 46.05, 65.625 ) on Layer metal3
  violation type: Recheck
    srcs: net:net83 
    bbox = ( 45.98, 65.135 ) - ( 46.05, 65.625 ) on Layer metal3
  violation type: Recheck
    srcs: net:net83 
    bbox = ( 45.98, 65.135 ) - ( 46.68, 65.205 ) on Layer metal3
  violation type: Recheck
    srcs: net:net83 
    bbox = ( 41.86, 65.94 ) - ( 41.93, 66.08 ) on Layer metal2
  violation type: Recheck
    srcs: net:net82 
    bbox = ( 44.71, 73.465 ) - ( 45.35, 73.535 ) on Layer metal2
  violation type: Recheck
    srcs: net:_1843_ 
    bbox = ( 30.84, 28.175 ) - ( 36.04, 28.245 ) on Layer metal3
  violation type: Recheck
    srcs: net:_1843_ 
    bbox = ( 35.97, 28.175 ) - ( 36.04, 28.385 ) on Layer metal3
  violation type: Recheck
    srcs: net:_1862_ 
    bbox = ( 29.365, 27.335 ) - ( 29.435, 27.685 ) on Layer metal3
  violation type: Recheck
    srcs: net:_1933_ 
    bbox = ( 16.97, 29.365 ) - ( 17.42, 29.435 ) on Layer metal2
  violation type: Recheck
    srcs: net:_1988_ 
    bbox = ( 47.18, 29.365 ) - ( 47.63, 29.435 ) on Layer metal2
  violation type: Recheck
    srcs: net:_2000_ 
    bbox = ( 28.34, 53.795 ) - ( 28.44, 53.865 ) on Layer metal3
  violation type: Recheck
    srcs: net:_2000_ 
    bbox = ( 28.34, 53.515 ) - ( 28.41, 53.865 ) on Layer metal3
  violation type: Recheck
    srcs: net:_2000_ 
    bbox = ( 28.305, 49.56 ) - ( 28.445, 53.62 ) on Layer metal4
  violation type: Recheck
    srcs: net:_2000_ 
    bbox = ( 28.305, 53.515 ) - ( 28.445, 53.585 ) on Layer metal3
  violation type: Recheck
    srcs: net:_2000_ 
    bbox = ( 28.305, 49.595 ) - ( 28.445, 49.665 ) on Layer metal3
  violation type: Recheck
    srcs: net:_2015_ 
    bbox = ( 12.905, 45.36 ) - ( 13.045, 46.2 ) on Layer metal4
  violation type: Recheck
    srcs: net:_2015_ 
    bbox = ( 12.79, 46.095 ) - ( 13.01, 46.165 ) on Layer metal3
  violation type: Recheck
    srcs: net:_2015_ 
    bbox = ( 12.905, 45.36 ) - ( 13.045, 45.5 ) on Layer metal4
  violation type: Recheck
    srcs: net:_2015_ 
    bbox = ( 12.905, 46.095 ) - ( 13.045, 46.165 ) on Layer metal3
  violation type: Recheck
    srcs: net:_2015_ 
    bbox = ( 12.905, 45.36 ) - ( 28.725, 45.5 ) on Layer metal5
  violation type: Recheck
    srcs: net:_2020_ 
    bbox = ( 14.69, 48.195 ) - ( 14.76, 50.225 ) on Layer metal2
  violation type: Recheck
    srcs: net:_2020_ 
    bbox = ( 14.69, 50.155 ) - ( 14.95, 50.225 ) on Layer metal2
  violation type: Recheck
    srcs: net:_2020_ 
    bbox = ( 14.88, 50.155 ) - ( 14.95, 51.345 ) on Layer metal2
  violation type: Recheck
    srcs: net:_2020_ 
    bbox = ( 14.88, 51.275 ) - ( 15.14, 51.345 ) on Layer metal2
  violation type: Recheck
    srcs: net:_2020_ 
    bbox = ( 15.07, 51.275 ) - ( 15.14, 52.605 ) on Layer metal2
  violation type: Recheck
    srcs: net:_2020_ 
    bbox = ( 14.665, 52.535 ) - ( 15.14, 52.605 ) on Layer metal3
  violation type: Recheck
    srcs: net:_2020_ 
    bbox = ( 15.07, 52.5 ) - ( 15.14, 52.64 ) on Layer metal2
  violation type: Recheck
    srcs: net:_2033_ 
    bbox = ( 44.065, 35.875 ) - ( 44.135, 36.225 ) on Layer metal3
  violation type: Recheck
    srcs: net:_2096_ 
    bbox = ( 66.56, 44.065 ) - ( 67.2, 44.135 ) on Layer metal2
  violation type: Recheck
    srcs: net:_2174_ 
    bbox = ( 72.83, 73.465 ) - ( 73.47, 73.535 ) on Layer metal2
  violation type: Recheck
    srcs: net:_2280_ 
    bbox = ( 52.12, 29.365 ) - ( 52.95, 29.435 ) on Layer metal2
  violation type: Recheck
    srcs: net:result_o[12] 
    bbox = ( 77.58, 73.465 ) - ( 77.84, 73.535 ) on Layer metal2
